%array %arraySize %i r10 r11 r12 r13 r14 r15 r8 r9 rax rbp rbx rcx rdi rdx rsi
%arraySize %array %i r10 r11 r12 r13 r14 r15 r8 r9 rax rbp rbx rcx rdi rdx rsi
%i %array %arraySize r10 r11 r12 r13 r14 r15 r8 r9 rax rbp rbx rcx rdi rdx rsi
r10 %array %arraySize %i r11 r12 r13 r14 r15 r8 r9 rax rbp rbx rcx rdi rdx rsi
r11 %array %arraySize %i r10 r12 r13 r14 r15 r8 r9 rax rbp rbx rcx rdi rdx rsi
r12 %array %arraySize %i r10 r11 r13 r14 r15 r8 r9 rax rbp rbx rcx rdi rdx rsi
r13 %array %arraySize %i r10 r11 r12 r14 r15 r8 r9 rax rbp rbx rcx rdi rdx rsi
r14 %array %arraySize %i r10 r11 r12 r13 r15 r8 r9 rax rbp rbx rcx rdi rdx rsi
r15 %array %arraySize %i r10 r11 r12 r13 r14 r8 r9 rax rbp rbx rcx rdi rdx rsi
r8 %array %arraySize %i r10 r11 r12 r13 r14 r15 r9 rax rbp rbx rcx rdi rdx rsi
r9 %array %arraySize %i r10 r11 r12 r13 r14 r15 r8 rax rbp rbx rcx rdi rdx rsi
rax %array %arraySize %i r10 r11 r12 r13 r14 r15 r8 r9 rbp rbx rcx rdi rdx rsi
rbp %array %arraySize %i r10 r11 r12 r13 r14 r15 r8 r9 rax rbx rcx rdi rdx rsi
rbx %array %arraySize %i r10 r11 r12 r13 r14 r15 r8 r9 rax rbp rcx rdi rdx rsi
rcx %array %arraySize %i r10 r11 r12 r13 r14 r15 r8 r9 rax rbp rbx rdi rdx rsi
rdi %array %arraySize %i r10 r11 r12 r13 r14 r15 r8 r9 rax rbp rbx rcx rdx rsi
rdx %array %arraySize %i r10 r11 r12 r13 r14 r15 r8 r9 rax rbp rbx rcx rdi rsi
rsi %array %arraySize %i r10 r11 r12 r13 r14 r15 r8 r9 rax rbp rbx rcx rdi rdx
