%c %cheese r10 r11 r12 r13 r14 r15 r8 r9 rax rbp rbx rcx rdi rdx rsi %var21 %var33 %var45 %x %y %z
%cheese %c r12 r13 r14 r15 rbp rbx %y
r10 %c r11 r12 r13 r14 r15 r8 r9 rax rbp rbx rcx rdi rdx rsi %x %y
r11 %c r10 r12 r13 r14 r15 r8 r9 rax rbp rbx rcx rdi rdx rsi %x %y
r12 %c %cheese r10 r11 r13 r14 r15 r8 r9 rax rbp rbx rcx rdi rdx rsi %var21 %var33 %var45 %x %y %z
r13 %c %cheese r10 r11 r12 r14 r15 r8 r9 rax rbp rbx rcx rdi rdx rsi %var21 %var33 %var45 %x %y %z
r14 %c %cheese r10 r11 r12 r13 r15 r8 r9 rax rbp rbx rcx rdi rdx rsi %var21 %var33 %var45 %x %y %z
r15 %c %cheese r10 r11 r12 r13 r14 r8 r9 rax rbp rbx rcx rdi rdx rsi %var21 %var33 %var45 %x %y %z
r8 %c r10 r11 r12 r13 r14 r15 r9 rax rbp rbx rcx rdi rdx rsi %x %y
r9 %c r10 r11 r12 r13 r14 r15 r8 rax rbp rbx rcx rdi rdx rsi %x %y
rax %c r10 r11 r12 r13 r14 r15 r8 r9 rbp rbx rcx rdi rdx rsi %x %y
rbp %c %cheese r10 r11 r12 r13 r14 r15 r8 r9 rax rbx rcx rdi rdx rsi %var21 %var33 %var45 %x %y %z
rbx %c %cheese r10 r11 r12 r13 r14 r15 r8 r9 rax rbp rcx rdi rdx rsi %var21 %var33 %var45 %x %y %z
rcx %c r10 r11 r12 r13 r14 r15 r8 r9 rax rbp rbx rdi rdx rsi %x %y
rdi %c r10 r11 r12 r13 r14 r15 r8 r9 rax rbp rbx rcx rdx rsi %x %y
rdx %c r10 r11 r12 r13 r14 r15 r8 r9 rax rbp rbx rcx rdi rsi %x %y
rsi %c r10 r11 r12 r13 r14 r15 r8 r9 rax rbp rbx rcx rdi rdx %x %y
%var21 %c r12 r13 r14 r15 rbp rbx %x %y
%var33 %c r12 r13 r14 r15 rbp rbx %x %y
%var45 %c r12 r13 r14 r15 rbp rbx %x %y %z
%x %c r10 r11 r12 r13 r14 r15 r8 r9 rax rbp rbx rcx rdi rdx rsi %var21 %var33 %var45 %y %z
%y %c %cheese r10 r11 r12 r13 r14 r15 r8 r9 rax rbp rbx rcx rdi rdx rsi %var21 %var33 %var45 %x %z
%z %c r12 r13 r14 r15 rbp rbx %var45 %x %y
