%arg1 %arrayAddr %invalid %newVar12 %newVar13 %newVar14 %newVar15 r10 r11 r12 r13 r14 r15 r8 r9 rax rbp rbx rcx rdi rdx rsi
%arrayAddr %arg1 %arrayLen %count %ifDone %newVar0 %newVar1 %newVar11 %newVar14 %newVar15 %newVar16 %newVar17 %newVar19 %newVar20 %newVar21 %newVar23 %newVar24 %newVar25 %newVar26 %newVar3 %newVar4 %newVar5 %newVar7 %newVar8 %newVar9 %pos0 %pos1 %pos2 r10 r11 r12 r13 r14 r15 r8 r9 rax rbp rbx rcx rdi rdx rsi %val0 %val1 %val2
%arrayLen %arrayAddr %count %ifDone %newVar0 %newVar1 %newVar11 %newVar3 %newVar4 %newVar5 %newVar7 %newVar8 %newVar9 %pos0 %pos1 %pos2 r12 r13 r14 r15 rbp rbx %val0 %val1 %val2
%count %arrayAddr %arrayLen %ifDone %newVar0 %newVar1 %newVar11 %newVar3 %newVar4 %newVar5 %newVar7 %newVar8 %newVar9 %pos0 %pos1 %pos2 r12 r13 r14 r15 rbp rbx %val0 %val1 %val2
%ifDone %arrayAddr %arrayLen %count %pos0 %pos1 %pos2 r12 r13 r14 r15 rbp rbx
%invalid %arg1 r12 r13 r14 r15 rax rbp rbx
%newVar0 %arrayAddr %arrayLen %count %newVar3 %pos0 %pos1 %pos2 r12 r13 r14 r15 rbp rbx
%newVar11 %arrayAddr %arrayLen %count %newVar8 %pos0 %pos1 %pos2 r12 r13 r14 r15 rbp rbx %val2
%newVar12 %arg1 r12 r13 r14 r15 rbp rbx
%newVar13 %arg1 r12 r13 r14 r15 rbp rbx
%newVar14 %arg1 %arrayAddr r12 r13 r14 r15 rbp rbx
%newVar15 %arg1 %arrayAddr r12 r13 r14 r15 rbp rbx
%newVar16 %arrayAddr %newVar19 %pos0 %pos1 %pos2 r12 r13 r14 r15 rbp rbx
%newVar17 %arrayAddr %pos0 %pos1 %pos2 r12 r13 r14 r15 rbp rbx
%newVar19 %arrayAddr %newVar16 %pos0 %pos1 %pos2 r12 r13 r14 r15 rbp rbx
%newVar1 %arrayAddr %arrayLen %count %pos0 %pos1 %pos2 r12 r13 r14 r15 rbp rbx
%newVar20 %arrayAddr %newVar23 %pos0 %pos1 %pos2 r12 r13 r14 r15 rbp rbx
%newVar21 %arrayAddr %pos0 %pos1 %pos2 r12 r13 r14 r15 rbp rbx
%newVar23 %arrayAddr %newVar20 %pos0 %pos1 %pos2 r12 r13 r14 r15 rbp rbx
%newVar24 %arrayAddr %pos0 %pos1 %pos2 r12 r13 r14 r15 rbp rbx
%newVar25 %arrayAddr %newVar26 %pos0 %pos1 %pos2 r12 r13 r14 r15 rbp rbx
%newVar26 %arrayAddr %newVar25 %pos0 %pos1 %pos2 r12 r13 r14 r15 rbp rbx
%newVar3 %arrayAddr %arrayLen %count %newVar0 %pos0 %pos1 %pos2 r12 r13 r14 r15 rbp rbx
%newVar4 %arrayAddr %arrayLen %count %newVar7 %pos0 %pos1 %pos2 r12 r13 r14 r15 rbp rbx %val0
%newVar5 %arrayAddr %arrayLen %count %pos0 %pos1 %pos2 r12 r13 r14 r15 rbp rbx %val0
%newVar7 %arrayAddr %arrayLen %count %newVar4 %pos0 %pos1 %pos2 r12 r13 r14 r15 rbp rbx %val0
%newVar8 %arrayAddr %arrayLen %count %newVar11 %pos0 %pos1 %pos2 r12 r13 r14 r15 rbp rbx %val2
%newVar9 %arrayAddr %arrayLen %count %pos0 %pos1 %pos2 r12 r13 r14 r15 rbp rbx %val2
%pos0 %arrayAddr %arrayLen %count %ifDone %newVar0 %newVar1 %newVar11 %newVar16 %newVar17 %newVar19 %newVar20 %newVar21 %newVar23 %newVar24 %newVar25 %newVar26 %newVar3 %newVar4 %newVar5 %newVar7 %newVar8 %newVar9 %pos1 %pos2 r10 r11 r12 r13 r14 r15 r8 r9 rax rbp rbx rcx rdi rdx rsi %val0 %val1 %val2
%pos1 %arrayAddr %arrayLen %count %ifDone %newVar0 %newVar1 %newVar11 %newVar16 %newVar17 %newVar19 %newVar20 %newVar21 %newVar23 %newVar24 %newVar25 %newVar26 %newVar3 %newVar4 %newVar5 %newVar7 %newVar8 %newVar9 %pos0 %pos2 r10 r11 r12 r13 r14 r15 r8 r9 rax rbp rbx rcx rdi rdx rsi %val0 %val1 %val2
%pos2 %arrayAddr %arrayLen %count %ifDone %newVar0 %newVar1 %newVar11 %newVar16 %newVar17 %newVar19 %newVar20 %newVar21 %newVar23 %newVar24 %newVar25 %newVar26 %newVar3 %newVar4 %newVar5 %newVar7 %newVar8 %newVar9 %pos0 %pos1 r10 r11 r12 r13 r14 r15 r8 r9 rax rbp rbx rcx rdi rdx rsi %val0 %val1 %val2
r10 %arg1 %arrayAddr %pos0 %pos1 %pos2 r11 r12 r13 r14 r15 r8 r9 rax rbp rbx rcx rdi rdx rsi
r11 %arg1 %arrayAddr %pos0 %pos1 %pos2 r10 r12 r13 r14 r15 r8 r9 rax rbp rbx rcx rdi rdx rsi
r12 %arg1 %arrayAddr %arrayLen %count %ifDone %invalid %newVar0 %newVar1 %newVar11 %newVar12 %newVar13 %newVar14 %newVar15 %newVar16 %newVar17 %newVar19 %newVar20 %newVar21 %newVar23 %newVar24 %newVar25 %newVar26 %newVar3 %newVar4 %newVar5 %newVar7 %newVar8 %newVar9 %pos0 %pos1 %pos2 r10 r11 r13 r14 r15 r8 r9 rax rbp rbx rcx rdi rdx rsi %val0 %val1 %val2
r13 %arg1 %arrayAddr %arrayLen %count %ifDone %invalid %newVar0 %newVar1 %newVar11 %newVar12 %newVar13 %newVar14 %newVar15 %newVar16 %newVar17 %newVar19 %newVar20 %newVar21 %newVar23 %newVar24 %newVar25 %newVar26 %newVar3 %newVar4 %newVar5 %newVar7 %newVar8 %newVar9 %pos0 %pos1 %pos2 r10 r11 r12 r14 r15 r8 r9 rax rbp rbx rcx rdi rdx rsi %val0 %val1 %val2
r14 %arg1 %arrayAddr %arrayLen %count %ifDone %invalid %newVar0 %newVar1 %newVar11 %newVar12 %newVar13 %newVar14 %newVar15 %newVar16 %newVar17 %newVar19 %newVar20 %newVar21 %newVar23 %newVar24 %newVar25 %newVar26 %newVar3 %newVar4 %newVar5 %newVar7 %newVar8 %newVar9 %pos0 %pos1 %pos2 r10 r11 r12 r13 r15 r8 r9 rax rbp rbx rcx rdi rdx rsi %val0 %val1 %val2
r15 %arg1 %arrayAddr %arrayLen %count %ifDone %invalid %newVar0 %newVar1 %newVar11 %newVar12 %newVar13 %newVar14 %newVar15 %newVar16 %newVar17 %newVar19 %newVar20 %newVar21 %newVar23 %newVar24 %newVar25 %newVar26 %newVar3 %newVar4 %newVar5 %newVar7 %newVar8 %newVar9 %pos0 %pos1 %pos2 r10 r11 r12 r13 r14 r8 r9 rax rbp rbx rcx rdi rdx rsi %val0 %val1 %val2
r8 %arg1 %arrayAddr %pos0 %pos1 %pos2 r10 r11 r12 r13 r14 r15 r9 rax rbp rbx rcx rdi rdx rsi
r9 %arg1 %arrayAddr %pos0 %pos1 %pos2 r10 r11 r12 r13 r14 r15 r8 rax rbp rbx rcx rdi rdx rsi
rax %arg1 %arrayAddr %invalid %pos0 %pos1 %pos2 r10 r11 r12 r13 r14 r15 r8 r9 rbp rbx rcx rdi rdx rsi
rbp %arg1 %arrayAddr %arrayLen %count %ifDone %invalid %newVar0 %newVar1 %newVar11 %newVar12 %newVar13 %newVar14 %newVar15 %newVar16 %newVar17 %newVar19 %newVar20 %newVar21 %newVar23 %newVar24 %newVar25 %newVar26 %newVar3 %newVar4 %newVar5 %newVar7 %newVar8 %newVar9 %pos0 %pos1 %pos2 r10 r11 r12 r13 r14 r15 r8 r9 rax rbx rcx rdi rdx rsi %val0 %val1 %val2
rbx %arg1 %arrayAddr %arrayLen %count %ifDone %invalid %newVar0 %newVar1 %newVar11 %newVar12 %newVar13 %newVar14 %newVar15 %newVar16 %newVar17 %newVar19 %newVar20 %newVar21 %newVar23 %newVar24 %newVar25 %newVar26 %newVar3 %newVar4 %newVar5 %newVar7 %newVar8 %newVar9 %pos0 %pos1 %pos2 r10 r11 r12 r13 r14 r15 r8 r9 rax rbp rcx rdi rdx rsi %val0 %val1 %val2
rcx %arg1 %arrayAddr %pos0 %pos1 %pos2 r10 r11 r12 r13 r14 r15 r8 r9 rax rbp rbx rdi rdx rsi
rdi %arg1 %arrayAddr %pos0 %pos1 %pos2 r10 r11 r12 r13 r14 r15 r8 r9 rax rbp rbx rcx rdx rsi
rdx %arg1 %arrayAddr %pos0 %pos1 %pos2 r10 r11 r12 r13 r14 r15 r8 r9 rax rbp rbx rcx rdi rsi
rsi %arg1 %arrayAddr %pos0 %pos1 %pos2 r10 r11 r12 r13 r14 r15 r8 r9 rax rbp rbx rcx rdi rdx
%val0 %arrayAddr %arrayLen %count %newVar4 %newVar5 %newVar7 %pos0 %pos1 %pos2 r12 r13 r14 r15 rbp rbx %val1
%val1 %arrayAddr %arrayLen %count %pos0 %pos1 %pos2 r12 r13 r14 r15 rbp rbx %val0 %val2
%val2 %arrayAddr %arrayLen %count %newVar11 %newVar8 %newVar9 %pos0 %pos1 %pos2 r12 r13 r14 r15 rbp rbx %val1
