%i2 %i r12 r13 r14 r15 rbp rbx %var
%i %i2 r12 r13 r14 r15 rbp rbx %sqrt_flag %var
r10 r11 r12 r13 r14 r15 r8 r9 rax rbp rbx rcx rdi rdx rsi
r11 r10 r12 r13 r14 r15 r8 r9 rax rbp rbx rcx rdi rdx rsi
r12 %i %i2 r10 r11 r13 r14 r15 r8 r9 rax rbp rbx rcx rdi rdx rsi %sqrt_flag %var
r13 %i %i2 r10 r11 r12 r14 r15 r8 r9 rax rbp rbx rcx rdi rdx rsi %sqrt_flag %var
r14 %i %i2 r10 r11 r12 r13 r15 r8 r9 rax rbp rbx rcx rdi rdx rsi %sqrt_flag %var
r15 %i %i2 r10 r11 r12 r13 r14 r8 r9 rax rbp rbx rcx rdi rdx rsi %sqrt_flag %var
r8 r10 r11 r12 r13 r14 r15 r9 rax rbp rbx rcx rdi rdx rsi
r9 r10 r11 r12 r13 r14 r15 r8 rax rbp rbx rcx rdi rdx rsi
rax r10 r11 r12 r13 r14 r15 r8 r9 rbp rbx rcx rdi rdx rsi
rbp %i %i2 r10 r11 r12 r13 r14 r15 r8 r9 rax rbx rcx rdi rdx rsi %sqrt_flag %var
rbx %i %i2 r10 r11 r12 r13 r14 r15 r8 r9 rax rbp rcx rdi rdx rsi %sqrt_flag %var
rcx r10 r11 r12 r13 r14 r15 r8 r9 rax rbp rbx rdi rdx rsi
rdi r10 r11 r12 r13 r14 r15 r8 r9 rax rbp rbx rcx rdx rsi
rdx r10 r11 r12 r13 r14 r15 r8 r9 rax rbp rbx rcx rdi rsi
rsi r10 r11 r12 r13 r14 r15 r8 r9 rax rbp rbx rcx rdi rdx
%sqrt_flag %i r12 r13 r14 r15 rbp rbx %var
%var %i %i2 r12 r13 r14 r15 rbp rbx %sqrt_flag
