%ar %newVar10 %newVar11 %newVar12 %newVar14 %newVar2 %newVar3 %newVar4 %newVar6 %newVar7 %newVar8 r12 r13 r14 r15 rbp rbx
%newVar0 r12 r13 r14 r15 rbp rbx
%newVar10 %ar %newVar7 r12 r13 r14 r15 rbp rbx
%newVar11 %ar %newVar14 r12 r13 r14 r15 rbp rbx
%newVar12 %ar r12 r13 r14 r15 rbp rbx
%newVar14 %ar %newVar11 r12 r13 r14 r15 rbp rbx
%newVar1 r12 r13 r14 r15 rbp rbx
%newVar2 %ar r12 r13 r14 r15 rbp rbx
%newVar3 %ar %newVar6 r12 r13 r14 r15 rbp rbx
%newVar4 %ar r12 r13 r14 r15 rbp rbx
%newVar6 %ar %newVar3 r12 r13 r14 r15 rbp rbx
%newVar7 %ar %newVar10 r12 r13 r14 r15 rbp rbx
%newVar8 %ar r12 r13 r14 r15 rbp rbx
r10 r11 r12 r13 r14 r15 r8 r9 rax rbp rbx rcx rdi rdx rsi
r11 r10 r12 r13 r14 r15 r8 r9 rax rbp rbx rcx rdi rdx rsi
r12 %ar %newVar0 %newVar1 %newVar10 %newVar11 %newVar12 %newVar14 %newVar2 %newVar3 %newVar4 %newVar6 %newVar7 %newVar8 r10 r11 r13 r14 r15 r8 r9 rax rbp rbx rcx rdi rdx %ret rsi
r13 %ar %newVar0 %newVar1 %newVar10 %newVar11 %newVar12 %newVar14 %newVar2 %newVar3 %newVar4 %newVar6 %newVar7 %newVar8 r10 r11 r12 r14 r15 r8 r9 rax rbp rbx rcx rdi rdx %ret rsi
r14 %ar %newVar0 %newVar1 %newVar10 %newVar11 %newVar12 %newVar14 %newVar2 %newVar3 %newVar4 %newVar6 %newVar7 %newVar8 r10 r11 r12 r13 r15 r8 r9 rax rbp rbx rcx rdi rdx %ret rsi
r15 %ar %newVar0 %newVar1 %newVar10 %newVar11 %newVar12 %newVar14 %newVar2 %newVar3 %newVar4 %newVar6 %newVar7 %newVar8 r10 r11 r12 r13 r14 r8 r9 rax rbp rbx rcx rdi rdx %ret rsi
r8 r10 r11 r12 r13 r14 r15 r9 rax rbp rbx rcx rdi rdx rsi
r9 r10 r11 r12 r13 r14 r15 r8 rax rbp rbx rcx rdi rdx rsi
rax r10 r11 r12 r13 r14 r15 r8 r9 rbp rbx rcx rdi rdx rsi
rbp %ar %newVar0 %newVar1 %newVar10 %newVar11 %newVar12 %newVar14 %newVar2 %newVar3 %newVar4 %newVar6 %newVar7 %newVar8 r10 r11 r12 r13 r14 r15 r8 r9 rax rbx rcx rdi rdx %ret rsi
rbx %ar %newVar0 %newVar1 %newVar10 %newVar11 %newVar12 %newVar14 %newVar2 %newVar3 %newVar4 %newVar6 %newVar7 %newVar8 r10 r11 r12 r13 r14 r15 r8 r9 rax rbp rcx rdi rdx %ret rsi
rcx r10 r11 r12 r13 r14 r15 r8 r9 rax rbp rbx rdi rdx rsi
rdi r10 r11 r12 r13 r14 r15 r8 r9 rax rbp rbx rcx rdx rsi
rdx r10 r11 r12 r13 r14 r15 r8 r9 rax rbp rbx rcx rdi rsi
%ret r12 r13 r14 r15 rbp rbx
rsi r10 r11 r12 r13 r14 r15 r8 r9 rax rbp rbx rcx rdi rdx
