%ans %array %len %newVar10 %newVar11 %newVar12 %newVar14 %newVar7 %newVar8 r12 r13 r14 r15 rbp rbx %test
%array %ans %len %newVar0 %newVar1 %newVar10 %newVar11 %newVar12 %newVar2 %newVar3 %newVar4 %newVar6 %newVar7 %newVar8 r12 r13 r14 r15 rbp rbx %ret rsi %test
%len %ans %array r12 r13 r14 r15 rbp rbx %ret %test
%newVar0 %array r12 r13 r14 r15 rbp rbx %ret
%newVar10 %ans %array %newVar7 r12 r13 r14 r15 rbp rbx
%newVar11 %ans %array %newVar14 r12 r13 r14 r15 rbp rbx %test
%newVar12 %ans %array r12 r13 r14 r15 rbp rbx %test
%newVar14 %ans %newVar11 r12 r13 r14 r15 rbp rbx %test
%newVar1 %array %newVar2 r12 r13 r14 r15 rbp rbx %ret
%newVar2 %array %newVar1 r12 r13 r14 r15 rbp rbx %ret
%newVar3 %array %newVar6 r12 r13 r14 r15 rbp rbx
%newVar4 %array r12 r13 r14 r15 rbp rbx
%newVar6 %array %newVar3 r12 r13 r14 r15 rbp rbx
%newVar7 %ans %array %newVar10 r12 r13 r14 r15 rbp rbx
%newVar8 %ans %array r12 r13 r14 r15 rbp rbx
r10 r11 r12 r13 r14 r15 r8 r9 rax rbp rbx rcx rdi rdx rsi
r11 r10 r12 r13 r14 r15 r8 r9 rax rbp rbx rcx rdi rdx rsi
r12 %ans %array %len %newVar0 %newVar1 %newVar10 %newVar11 %newVar12 %newVar14 %newVar2 %newVar3 %newVar4 %newVar6 %newVar7 %newVar8 r10 r11 r13 r14 r15 r8 r9 rax rbp rbx rcx rdi rdx %ret rsi %test
r13 %ans %array %len %newVar0 %newVar1 %newVar10 %newVar11 %newVar12 %newVar14 %newVar2 %newVar3 %newVar4 %newVar6 %newVar7 %newVar8 r10 r11 r12 r14 r15 r8 r9 rax rbp rbx rcx rdi rdx %ret rsi %test
r14 %ans %array %len %newVar0 %newVar1 %newVar10 %newVar11 %newVar12 %newVar14 %newVar2 %newVar3 %newVar4 %newVar6 %newVar7 %newVar8 r10 r11 r12 r13 r15 r8 r9 rax rbp rbx rcx rdi rdx %ret rsi %test
r15 %ans %array %len %newVar0 %newVar1 %newVar10 %newVar11 %newVar12 %newVar14 %newVar2 %newVar3 %newVar4 %newVar6 %newVar7 %newVar8 r10 r11 r12 r13 r14 r8 r9 rax rbp rbx rcx rdi rdx %ret rsi %test
r8 r10 r11 r12 r13 r14 r15 r9 rax rbp rbx rcx rdi rdx rsi
r9 r10 r11 r12 r13 r14 r15 r8 rax rbp rbx rcx rdi rdx rsi
rax r10 r11 r12 r13 r14 r15 r8 r9 rbp rbx rcx rdi rdx rsi
rbp %ans %array %len %newVar0 %newVar1 %newVar10 %newVar11 %newVar12 %newVar14 %newVar2 %newVar3 %newVar4 %newVar6 %newVar7 %newVar8 r10 r11 r12 r13 r14 r15 r8 r9 rax rbx rcx rdi rdx %ret rsi %test
rbx %ans %array %len %newVar0 %newVar1 %newVar10 %newVar11 %newVar12 %newVar14 %newVar2 %newVar3 %newVar4 %newVar6 %newVar7 %newVar8 r10 r11 r12 r13 r14 r15 r8 r9 rax rbp rcx rdi rdx %ret rsi %test
rcx r10 r11 r12 r13 r14 r15 r8 r9 rax rbp rbx rdi rdx rsi
rdi r10 r11 r12 r13 r14 r15 r8 r9 rax rbp rbx rcx rdx rsi
rdx r10 r11 r12 r13 r14 r15 r8 r9 rax rbp rbx rcx rdi rsi
%ret %array %len %newVar0 %newVar1 %newVar2 r12 r13 r14 r15 rbp rbx
rsi %array r10 r11 r12 r13 r14 r15 r8 r9 rax rbp rbx rcx rdi rdx
%test %ans %array %len %newVar11 %newVar12 %newVar14 r12 r13 r14 r15 rbp rbx
