%cF1 %F %func r10 r11 r12 r13 r14 r15 r8 r9 rax rbp rbx rcx rdi rdx rsi %self %x
%F %cF1 %func r10 r11 r12 r13 r14 r15 r8 r9 rax rbp rbx rcx rdi rdx rsi %x
%func %cF1 %F r10 r11 r12 r13 r14 r15 r8 r9 rax rbp rbx rcx rdi rdx rsi %self %x
r10 %cF1 %F %func r11 r12 r13 r14 r15 r8 r9 rax rbp rbx rcx rdi rdx rsi %self %x
r11 %cF1 %F %func r10 r12 r13 r14 r15 r8 r9 rax rbp rbx rcx rdi rdx rsi %self %x
r12 %cF1 %F %func r10 r11 r13 r14 r15 r8 r9 rax rbp rbx rcx rdi rdx rsi %self %x
r13 %cF1 %F %func r10 r11 r12 r14 r15 r8 r9 rax rbp rbx rcx rdi rdx rsi %self %x
r14 %cF1 %F %func r10 r11 r12 r13 r15 r8 r9 rax rbp rbx rcx rdi rdx rsi %self %x
r15 %cF1 %F %func r10 r11 r12 r13 r14 r8 r9 rax rbp rbx rcx rdi rdx rsi %self %x
r8 %cF1 %F %func r10 r11 r12 r13 r14 r15 r9 rax rbp rbx rcx rdi rdx rsi %self %x
r9 %cF1 %F %func r10 r11 r12 r13 r14 r15 r8 rax rbp rbx rcx rdi rdx rsi %self %x
rax %cF1 %F %func r10 r11 r12 r13 r14 r15 r8 r9 rbp rbx rcx rdi rdx rsi %self %x
rbp %cF1 %F %func r10 r11 r12 r13 r14 r15 r8 r9 rax rbx rcx rdi rdx rsi %self %x
rbx %cF1 %F %func r10 r11 r12 r13 r14 r15 r8 r9 rax rbp rcx rdi rdx rsi %self %x
rcx %cF1 %F %func r10 r11 r12 r13 r14 r15 r8 r9 rax rbp rbx rdi rdx rsi %self %x
rdi %cF1 %F %func r10 r11 r12 r13 r14 r15 r8 r9 rax rbp rbx rcx rdx rsi %self %x
rdx %cF1 %F %func r10 r11 r12 r13 r14 r15 r8 r9 rax rbp rbx rcx rdi rsi %self %x
rsi %cF1 %F %func r10 r11 r12 r13 r14 r15 r8 r9 rax rbp rbx rcx rdi rdx %self %x
%self %cF1 %func r10 r11 r12 r13 r14 r15 r8 r9 rax rbp rbx rcx rdi rdx rsi %x
%x %cF1 %F %func r10 r11 r12 r13 r14 r15 r8 r9 rax rbp rbx rcx rdi rdx rsi %self
