%newVariable r12 r13 r14 r15 rax rbp rbx rdi rsi
r10 r11 r12 r13 r14 r15 r8 r9 rax rbp rbx rcx rdi rdx rsi
r11 r10 r12 r13 r14 r15 r8 r9 rax rbp rbx rcx rdi rdx rsi
r12 %newVariable r10 r11 r13 r14 r15 r8 r9 rax rbp rbx rcx rdi rdx rsi
r13 %newVariable r10 r11 r12 r14 r15 r8 r9 rax rbp rbx rcx rdi rdx rsi
r14 %newVariable r10 r11 r12 r13 r15 r8 r9 rax rbp rbx rcx rdi rdx rsi
r15 %newVariable r10 r11 r12 r13 r14 r8 r9 rax rbp rbx rcx rdi rdx rsi
r8 r10 r11 r12 r13 r14 r15 r9 rax rbp rbx rcx rdi rdx rsi
r9 r10 r11 r12 r13 r14 r15 r8 rax rbp rbx rcx rdi rdx rsi
rax %newVariable r10 r11 r12 r13 r14 r15 r8 r9 rbp rbx rcx rdi rdx rsi
rbp %newVariable r10 r11 r12 r13 r14 r15 r8 r9 rax rbx rcx rdi rdx rsi
rbx %newVariable r10 r11 r12 r13 r14 r15 r8 r9 rax rbp rcx rdi rdx rsi
rcx r10 r11 r12 r13 r14 r15 r8 r9 rax rbp rbx rdi rdx rsi
rdi %newVariable r10 r11 r12 r13 r14 r15 r8 r9 rax rbp rbx rcx rdx rsi
rdx r10 r11 r12 r13 r14 r15 r8 r9 rax rbp rbx rcx rdi rsi
rsi %newVariable r10 r11 r12 r13 r14 r15 r8 r9 rax rbp rbx rcx rdi rdx
