3
3
30
20
10
20
10
10
10
10
75
5
70
5
65
5
60
5
55
5
50
5
45
5
40
5
35
5
30
5
25
5
20
5
15
5
10
5
5
5
5
5
