(
(in
(r12 r13 r14 r15 rax rbp rbx)
(%arg1 r12 r13 r14 r15 rax rbp rbx)
(%arg1 %invalid r12 r13 r14 r15 rax rbp rbx)
(%arg1 r12 r13 r14 r15 rbp rbx)
(%arg1 r12 r13 r14 r15 rbp rbx)
(%arg1 r12 r13 r14 r15 rbp rbx)
(r12 r13 r14 r15 rbp rbx rdi)
(r12 r13 r14 r15 rbp rbx rdi rsi)
(r12 r13 r14 r15 rax rbp rbx)
(%arrayAddr r12 r13 r14 r15 rbp rbx)
(%arrayAddr %pos0 r12 r13 r14 r15 rbp rbx)
(%arrayAddr %pos0 r12 r13 r14 r15 rbp rbx)
(%arrayAddr %pos0 %pos1 r12 r13 r14 r15 rbp rbx)
(%arrayAddr %pos0 %pos1 r12 r13 r14 r15 rbp rbx)
(%arrayAddr %pos0 %pos1 %pos2 r12 r13 r14 r15 rbp rbx)
(%arrayAddr %pos0 %pos1 %pos2 r12 r13 r14 r15 rbp rbx)
(%arrayAddr %pos0 %pos1 %pos2 r12 r13 r14 r15 rbp rbx)
(%arrayAddr %pos0 %pos1 %pos2 r12 r13 r14 r15 rbp rbx)
(%arrayAddr %arrayLen %pos0 %pos1 %pos2 r12 r13 r14 r15 rbp rbx)
(%arrayAddr %arrayLen %count %pos0 %pos1 %pos2 r12 r13 r14 r15 rbp rbx)
(%arrayAddr %arrayLen %count %pos0 %pos1 %pos2 r12 r13 r14 r15 rbp rbx)
(%arrayAddr %arrayLen %count %ifDone %pos0 %pos1 %pos2 r12 r13 r14 r15 rbp rbx)
(%arrayAddr %arrayLen %count %pos0 %pos1 %pos2 r12 r13 r14 r15 rbp rbx)
(%arrayAddr %arrayLen %count %pos0 %pos1 %pos2 r12 r13 r14 r15 rbp rbx %val0)
(%arrayAddr %arrayLen %count %pos0 %pos1 %pos2 r12 r13 r14 r15 rbp rbx %val0 %val1)
(%arrayAddr %arrayLen %count %pos0 %pos1 %pos2 r12 r13 r14 r15 rbp rbx %val1 %val2)
(%arrayAddr %arrayLen %count %pos0 %pos1 %pos2 r12 r13 r14 r15 rbp rbx %val2)
(%arrayAddr %arrayLen %count %pos0 %pos1 %pos2 r12 r13 r14 r15 rbp rbx)
(%arrayAddr %arrayLen %count %pos0 %pos1 %pos2 r12 r13 r14 r15 rbp rbx)
(%arrayAddr %arrayLen %count %pos0 %pos1 %pos2 r12 r13 r14 r15 rbp rbx)
(%arrayAddr %arrayLen %count %pos0 %pos1 %pos2 r12 r13 r14 r15 rbp rbx)
(%arrayAddr %arrayLen %count %pos0 %pos1 %pos2 r12 r13 r14 r15 rbp rbx)
(%arrayAddr r12 r13 r14 r15 rbp rbx)
(%arrayAddr r12 r13 r14 r15 rbp rbx)
(%arrayAddr r12 r13 r14 r15 rbp rbx rdi)
(%arrayAddr r12 r13 r14 r15 rbp rbx rdi)
(%arrayAddr r12 r13 r14 r15 rbp rbx)
(%arrayAddr r12 r13 r14 r15 rbp rbx)
(r12 r13 r14 r15 rbp rbx rdi)
(r12 r13 r14 r15 rax rbp rbx)
(r12 r13 r14 r15 rax rbp rbx)
)

(out
(%arg1 r12 r13 r14 r15 rax rbp rbx)
(%arg1 %invalid r12 r13 r14 r15 rax rbp rbx)
(%arg1 r12 r13 r14 r15 rax rbp rbx)
(%arg1 r12 r13 r14 r15 rbp rbx)
(%arg1 r12 r13 r14 r15 rbp rbx)
(r12 r13 r14 r15 rbp rbx rdi)
(r12 r13 r14 r15 rbp rbx rdi rsi)
(r12 r13 r14 r15 rax rbp rbx)
(%arrayAddr r12 r13 r14 r15 rbp rbx)
(%arrayAddr %pos0 r12 r13 r14 r15 rbp rbx)
(%arrayAddr %pos0 r12 r13 r14 r15 rbp rbx)
(%arrayAddr %pos0 %pos1 r12 r13 r14 r15 rbp rbx)
(%arrayAddr %pos0 %pos1 r12 r13 r14 r15 rbp rbx)
(%arrayAddr %pos0 %pos1 %pos2 r12 r13 r14 r15 rbp rbx)
(%arrayAddr %pos0 %pos1 %pos2 r12 r13 r14 r15 rbp rbx)
(%arrayAddr %pos0 %pos1 %pos2 r12 r13 r14 r15 rbp rbx)
(%arrayAddr %pos0 %pos1 %pos2 r12 r13 r14 r15 rbp rbx)
(%arrayAddr %arrayLen %pos0 %pos1 %pos2 r12 r13 r14 r15 rbp rbx)
(%arrayAddr %arrayLen %count %pos0 %pos1 %pos2 r12 r13 r14 r15 rbp rbx)
(%arrayAddr %arrayLen %count %pos0 %pos1 %pos2 r12 r13 r14 r15 rbp rbx)
(%arrayAddr %arrayLen %count %ifDone %pos0 %pos1 %pos2 r12 r13 r14 r15 rbp rbx)
(%arrayAddr %arrayLen %count %pos0 %pos1 %pos2 r12 r13 r14 r15 rbp rbx)
(%arrayAddr %arrayLen %count %pos0 %pos1 %pos2 r12 r13 r14 r15 rbp rbx %val0)
(%arrayAddr %arrayLen %count %pos0 %pos1 %pos2 r12 r13 r14 r15 rbp rbx %val0 %val1)
(%arrayAddr %arrayLen %count %pos0 %pos1 %pos2 r12 r13 r14 r15 rbp rbx %val1 %val2)
(%arrayAddr %arrayLen %count %pos0 %pos1 %pos2 r12 r13 r14 r15 rbp rbx %val2)
(%arrayAddr %arrayLen %count %pos0 %pos1 %pos2 r12 r13 r14 r15 rbp rbx)
(%arrayAddr %arrayLen %count %pos0 %pos1 %pos2 r12 r13 r14 r15 rbp rbx)
(%arrayAddr %arrayLen %count %pos0 %pos1 %pos2 r12 r13 r14 r15 rbp rbx)
(%arrayAddr %arrayLen %count %pos0 %pos1 %pos2 r12 r13 r14 r15 rbp rbx)
(%arrayAddr %arrayLen %count %pos0 %pos1 %pos2 r12 r13 r14 r15 rbp rbx)
(%arrayAddr %arrayLen %count %pos0 %pos1 %pos2 r12 r13 r14 r15 rbp rbx)
(%arrayAddr r12 r13 r14 r15 rbp rbx)
(%arrayAddr r12 r13 r14 r15 rbp rbx rdi)
(%arrayAddr r12 r13 r14 r15 rbp rbx rdi)
(%arrayAddr r12 r13 r14 r15 rbp rbx)
(%arrayAddr r12 r13 r14 r15 rbp rbx)
(r12 r13 r14 r15 rbp rbx rdi)
(r12 r13 r14 r15 rax rbp rbx)
(r12 r13 r14 r15 rax rbp rbx)
()
)

)
