(
(in
(r12 r13 r14 r15 rbp rbx rdi rsi)
(r12 r13 r14 r15 rbp rbx rsi %self)
(r12 r13 r14 r15 rbp rbx %self %y)
(r12 r13 r14 r15 rbp rbx rdi %self %y)
(r12 r13 r14 r15 rbp rbx rdi rsi %self %y)
(r12 r13 r14 r15 rbp rbx rdi rsi %self %y)
(r12 r13 r14 r15 rax rbp rbx %self %y)
(r12 r13 r14 r15 rax rbp rbx %self %y)
(%F r12 r13 r14 r15 rbp rbx %self %y)
(%F r12 r13 r14 r15 rbp rbx rdi %y)
(%F r12 r13 r14 r15 rbp rbx rdi rsi %y)
(%F r12 r13 r14 r15 rbp rbx rdi rsi %y)
(%F r12 r13 r14 r15 rax rbp rbx %y)
(%F r12 r13 r14 r15 rax rbp rbx %y)
(%F r12 r13 r14 r15 rbp rbx %x %y)
(%F r12 r13 r14 r15 rbp rbx rdi %x %y)
(%F r12 r13 r14 r15 rbp rbx rdi rsi %x %y)
(%F r12 r13 r14 r15 rbp rbx rdi rsi %x %y)
(%F r12 r13 r14 r15 rax rbp rbx %x %y)
(%F r12 r13 r14 r15 rax rbp rbx %x %y)
(%F %func r12 r13 r14 r15 rbp rbx %x %y)
(%func r12 r13 r14 r15 rbp rbx rdi %x %y)
(%func r12 r13 r14 r15 rbp rbx rdi rsi %y)
(%func r12 r13 r14 r15 rbp rbx rdi rdx rsi)
(%func r12 r13 r14 r15 rbp rbx rdi rdx rsi)
(r12 r13 r14 r15 rax rbp rbx)
(r12 r13 r14 r15 rax rbp rbx)
(%ans r12 r13 r14 r15 rbp rbx)
(r12 r13 r14 r15 rax rbp rbx)
)

(out
(r12 r13 r14 r15 rbp rbx rsi %self)
(r12 r13 r14 r15 rbp rbx %self %y)
(r12 r13 r14 r15 rbp rbx rdi %self %y)
(r12 r13 r14 r15 rbp rbx rdi rsi %self %y)
(r12 r13 r14 r15 rbp rbx rdi rsi %self %y)
(r12 r13 r14 r15 rax rbp rbx %self %y)
(r12 r13 r14 r15 rax rbp rbx %self %y)
(%F r12 r13 r14 r15 rbp rbx %self %y)
(%F r12 r13 r14 r15 rbp rbx rdi %y)
(%F r12 r13 r14 r15 rbp rbx rdi rsi %y)
(%F r12 r13 r14 r15 rbp rbx rdi rsi %y)
(%F r12 r13 r14 r15 rax rbp rbx %y)
(%F r12 r13 r14 r15 rax rbp rbx %y)
(%F r12 r13 r14 r15 rbp rbx %x %y)
(%F r12 r13 r14 r15 rbp rbx rdi %x %y)
(%F r12 r13 r14 r15 rbp rbx rdi rsi %x %y)
(%F r12 r13 r14 r15 rbp rbx rdi rsi %x %y)
(%F r12 r13 r14 r15 rax rbp rbx %x %y)
(%F r12 r13 r14 r15 rax rbp rbx %x %y)
(%F %func r12 r13 r14 r15 rbp rbx %x %y)
(%func r12 r13 r14 r15 rbp rbx rdi %x %y)
(%func r12 r13 r14 r15 rbp rbx rdi rsi %y)
(%func r12 r13 r14 r15 rbp rbx rdi rdx rsi)
(%func r12 r13 r14 r15 rbp rbx rdi rdx rsi)
(r12 r13 r14 r15 rax rbp rbx)
(r12 r13 r14 r15 rax rbp rbx)
(%ans r12 r13 r14 r15 rbp rbx)
(r12 r13 r14 r15 rax rbp rbx)
()
)

)
