(
(in
(r12 r13 r14 r15 rbp rbx rdi rdx rsi)
(r12 r13 r14 r15 rbp rbx rdx rsi %s)
(%n r12 r13 r14 r15 rbp rbx rdx %s)
(%n r12 r13 r14 r15 rbp rbx %s %w)
(r12 r13 r14 r15 rbp rbx %refcount %s %w)
(r12 r13 r14 r15 rbp rbx %refcount %s %w)
(%addr r12 r13 r14 r15 rbp rbx %refcount %s %w)
(%addr r12 r13 r14 r15 rbp rbx %refcount %s %w)
(%addr r12 r13 r14 r15 rbp rbx %refcount %s %switch)
(%addr r12 r13 r14 r15 rbp rbx %refcount %s %switch)
(%addr r12 r13 r14 r15 rbp rbx %refcount %res %s %switch)
(%addr r12 r13 r14 r15 rbp rbx %refcount %s %switch)
(%addr r12 r13 r14 r15 rbp rbx %refcount %s %switch)
(%addr r12 r13 r14 r15 rbp rbx %refcount %s %switch)
(%addr r12 r13 r14 r15 rbp rbx %refcount %s %switch %val1)
(%addr r12 r13 r14 r15 rbp rbx %refcount %s %switch %val1 %val2)
(%addr r12 r13 r14 r15 rbp rbx %refcount %s %switch %val1)
(%addr r12 r13 r14 r15 rbp rbx %refcount %s %switch %val1)
(%addr r12 r13 r14 r15 rbp rbx %refcount %s %switch %val1)
(%addr r12 r13 r14 r15 rbp rbx rdi %refcount %s %switch)
(%addr r12 r13 r14 r15 rbp rbx rdi %refcount %s %switch)
(%addr r12 r13 r14 r15 rax rbp rbx %refcount %s %switch)
(%addr r12 r13 r14 r15 rax rbp rbx %refcount %s %switch)
(%addr r12 r13 r14 r15 rbp rbx %refcount %s %switch %val2)
(%addr r12 r13 r14 r15 rbp rbx %refcount %s %switch %val1)
(%addr r12 r13 r14 r15 rbp rbx %refcount %s %switch %val1)
(%addr r12 r13 r14 r15 rbp rbx rdi %refcount %s %switch)
(%addr r12 r13 r14 r15 rbp rbx rdi %refcount %s %switch)
(%addr r12 r13 r14 r15 rax rbp rbx %refcount %s %switch)
(%addr r12 r13 r14 r15 rax rbp rbx %refcount %s %switch)
(%addr r12 r13 r14 r15 rbp rbx %refcount %s %switch %val2)
(%addr r12 r13 r14 r15 rbp rbx %refcount %s %switch %val2)
(%addr r12 r13 r14 r15 rbp rbx %refcount %s %switch)
(%addr r12 r13 r14 r15 rbp rbx %refcount %s %switch)
(%addr r12 r13 r14 r15 rbp rbx %refcount %s %switch)
(r12 r13 r14 r15 rbp rbx %s)
(r12 r13 r14 r15 rbp rbx %s)
(r12 r13 r14 r15 rax rbp rbx)
)

(out
(r12 r13 r14 r15 rbp rbx rdx rsi %s)
(%n r12 r13 r14 r15 rbp rbx rdx %s)
(%n r12 r13 r14 r15 rbp rbx %s %w)
(r12 r13 r14 r15 rbp rbx %refcount %s %w)
(r12 r13 r14 r15 rbp rbx %refcount %s %w)
(%addr r12 r13 r14 r15 rbp rbx %refcount %s %w)
(%addr r12 r13 r14 r15 rbp rbx %refcount %s %w)
(%addr r12 r13 r14 r15 rbp rbx %refcount %s %switch)
(%addr r12 r13 r14 r15 rbp rbx %refcount %s %switch)
(%addr r12 r13 r14 r15 rbp rbx %refcount %res %s %switch)
(%addr r12 r13 r14 r15 rbp rbx %refcount %s %switch)
(%addr r12 r13 r14 r15 rbp rbx %refcount %s %switch)
(%addr r12 r13 r14 r15 rbp rbx %refcount %s %switch)
(%addr r12 r13 r14 r15 rbp rbx %refcount %s %switch %val1)
(%addr r12 r13 r14 r15 rbp rbx %refcount %s %switch %val1 %val2)
(%addr r12 r13 r14 r15 rbp rbx %refcount %s %switch %val1)
(%addr r12 r13 r14 r15 rbp rbx %refcount %s %switch %val1)
(%addr r12 r13 r14 r15 rbp rbx %refcount %s %switch %val1)
(%addr r12 r13 r14 r15 rbp rbx rdi %refcount %s %switch)
(%addr r12 r13 r14 r15 rbp rbx rdi %refcount %s %switch)
(%addr r12 r13 r14 r15 rax rbp rbx %refcount %s %switch)
(%addr r12 r13 r14 r15 rax rbp rbx %refcount %s %switch)
(%addr r12 r13 r14 r15 rbp rbx %refcount %s %switch %val2)
(%addr r12 r13 r14 r15 rbp rbx %refcount %s %switch %val2)
(%addr r12 r13 r14 r15 rbp rbx %refcount %s %switch %val1)
(%addr r12 r13 r14 r15 rbp rbx rdi %refcount %s %switch)
(%addr r12 r13 r14 r15 rbp rbx rdi %refcount %s %switch)
(%addr r12 r13 r14 r15 rax rbp rbx %refcount %s %switch)
(%addr r12 r13 r14 r15 rax rbp rbx %refcount %s %switch)
(%addr r12 r13 r14 r15 rbp rbx %refcount %s %switch %val2)
(%addr r12 r13 r14 r15 rbp rbx %refcount %s %switch %val2)
(%addr r12 r13 r14 r15 rbp rbx %refcount %s %switch)
(%addr r12 r13 r14 r15 rbp rbx %refcount %s %switch)
(%addr r12 r13 r14 r15 rbp rbx %refcount %s %switch)
(%addr r12 r13 r14 r15 rbp rbx %refcount %s %switch)
(r12 r13 r14 r15 rbp rbx %s)
(r12 r13 r14 r15 rax rbp rbx)
()
)

)
