(
(in
(r12 r13 r14 r15 r8 r9 rbp rbx rcx rdi rdx rsi)
(r12 r13 r14 r15 r8 r9 rbp rbx rcx rdx rsi %uu1)
(r12 r13 r14 r15 r8 r9 rbp rbx rcx rdx %uu1 %uu2)
(r12 r13 r14 r15 r8 r9 rbp rbx rcx %uu1 %uu2 %uu3)
(r12 r13 r14 r15 r8 r9 rbp rbx %uu1 %uu2 %uu3 %uu4)
(r12 r13 r14 r15 r9 rbp rbx %uu1 %uu2 %uu3 %uu4 %uu5)
(r12 r13 r14 r15 rbp rbx %uu1 %uu2 %uu3 %uu4 %uu5 %uu6)
(r12 r13 r14 r15 rbp rbx %to %uu1 %uu2 %uu3 %uu4 %uu5 %uu6)
(r12 r13 r14 r15 rbp rbx %to %uu1 %uu2 %uu3 %uu4 %uu5 %uu6)
(r12 r13 r14 r15 rbp rbx %sum %to %uu1 %uu2 %uu3 %uu4 %uu5 %uu6)
(%from r12 r13 r14 r15 rbp rbx %sum %to %uu1 %uu2 %uu3 %uu4 %uu5 %uu6)
(%from r12 r13 r14 r15 rbp rbx %sum %to %uu1 %uu2 %uu3 %uu4 %uu5 %uu6)
(%from r12 r13 r14 r15 rbp rbx %sum %to %uu1 %uu2 %uu3 %uu4 %uu5 %uu6)
(%from r12 r13 r14 r15 rbp rbx %sum %tmp_rdx %to %uu1 %uu2 %uu3 %uu4 %uu5 %uu6)
(%from %icmp r12 r13 r14 r15 rbp rbx %sum %to %uu1 %uu2 %uu3 %uu4 %uu5 %uu6)
(%from r12 r13 r14 r15 rbp rbx %sum %to %uu1 %uu2 %uu3 %uu4 %uu5 %uu6)
(%from r12 r13 r14 r15 rbp rbx %sum %to %uu1 %uu2 %uu3 %uu4 %uu5 %uu6)
(%from r12 r13 r14 r15 rbp rbx %sum %to %uu1 %uu2 %uu3 %uu4 %uu5 %uu6)
(%from r12 r13 r14 r15 rbp rbx %sum %to %uu1 %uu2 %uu3 %uu4 %uu5 %uu6)
(r12 r13 r14 r15 rbp rbx %rsp_16 %sum %to %uu1 %uu2 %uu3 %uu4 %uu5 %uu6)
(r12 r13 r14 r15 rbp rbx rdi %rsp_16 %sum %to %uu1 %uu2 %uu3 %uu4 %uu5 %uu6)
(r12 r13 r14 r15 rbp rbx rdi rsi %rsp_16 %sum %to %uu1 %uu2 %uu3 %uu4 %uu5 %uu6)
(r12 r13 r14 r15 rbp rbx rdi rdx rsi %rsp_16 %sum %to %uu1 %uu2 %uu3 %uu4 %uu5 %uu6)
(r12 r13 r14 r15 rbp rbx rcx rdi rdx rsi %rsp_16 %sum %to %uu1 %uu2 %uu3 %uu4 %uu5 %uu6)
(r12 r13 r14 r15 r8 rbp rbx rcx rdi rdx rsi %rsp_16 %sum %to %uu1 %uu2 %uu3 %uu4 %uu5 %uu6)
(r12 r13 r14 r15 r8 r9 rbp rbx rcx rdi rdx rsi %rsp_16 %sum %to %uu1 %uu2 %uu3 %uu4 %uu5 %uu6)
(r12 r13 r14 r15 r8 r9 rbp rbx rcx rdi rdx rsi %sum %to %uu1 %uu2 %uu3 %uu4 %uu5 %uu6)
(r12 r13 r14 r15 r8 r9 rbp rbx rcx rdi rdx rsi %sum %to %uu1 %uu2 %uu3 %uu4 %uu5 %uu6)
(r12 r13 r14 r15 r8 r9 rbp rbx rcx rdi rdx rsi %sum %to %uu1 %uu2 %uu3 %uu4 %uu5 %uu6)
(r12 r13 r14 r15 r8 r9 rbp rbx rcx rdi rdx rsi %sum %to %uu1 %uu2 %uu3 %uu4 %uu5 %uu6)
(r12 r13 r14 r15 r8 r9 rbp rbx rcx rdi rdx rsi %sum %to %uu1 %uu2 %uu3 %uu4 %uu5 %uu6)
(r12 r13 r14 r15 rax rbp rbx %sum %to %uu1 %uu2 %uu3 %uu4 %uu5 %uu6)
(r12 r13 r14 r15 rax rbp rbx %sum %to %uu1 %uu2 %uu3 %uu4 %uu5 %uu6)
(r12 r13 r14 r15 rbp rbx %sum %tmp_rax %to %uu1 %uu2 %uu3 %uu4 %uu5 %uu6)
(%from r12 r13 r14 r15 rbp rbx %sum %to %uu1 %uu2 %uu3 %uu4 %uu5 %uu6)
(r12 r13 r14 r15 rbp rbx %sum)
(r12 r13 r14 r15 rbp rbx %sum)
(r12 r13 r14 r15 rax rbp rbx)
)

(out
(r12 r13 r14 r15 r8 r9 rbp rbx rcx rdx rsi %uu1)
(r12 r13 r14 r15 r8 r9 rbp rbx rcx rdx %uu1 %uu2)
(r12 r13 r14 r15 r8 r9 rbp rbx rcx %uu1 %uu2 %uu3)
(r12 r13 r14 r15 r8 r9 rbp rbx %uu1 %uu2 %uu3 %uu4)
(r12 r13 r14 r15 r9 rbp rbx %uu1 %uu2 %uu3 %uu4 %uu5)
(r12 r13 r14 r15 rbp rbx %uu1 %uu2 %uu3 %uu4 %uu5 %uu6)
(r12 r13 r14 r15 rbp rbx %to %uu1 %uu2 %uu3 %uu4 %uu5 %uu6)
(r12 r13 r14 r15 rbp rbx %to %uu1 %uu2 %uu3 %uu4 %uu5 %uu6)
(r12 r13 r14 r15 rbp rbx %sum %to %uu1 %uu2 %uu3 %uu4 %uu5 %uu6)
(%from r12 r13 r14 r15 rbp rbx %sum %to %uu1 %uu2 %uu3 %uu4 %uu5 %uu6)
(%from r12 r13 r14 r15 rbp rbx %sum %to %uu1 %uu2 %uu3 %uu4 %uu5 %uu6)
(%from r12 r13 r14 r15 rbp rbx %sum %to %uu1 %uu2 %uu3 %uu4 %uu5 %uu6)
(%from r12 r13 r14 r15 rbp rbx %sum %tmp_rdx %to %uu1 %uu2 %uu3 %uu4 %uu5 %uu6)
(%from %icmp r12 r13 r14 r15 rbp rbx %sum %to %uu1 %uu2 %uu3 %uu4 %uu5 %uu6)
(%from r12 r13 r14 r15 rbp rbx %sum %to %uu1 %uu2 %uu3 %uu4 %uu5 %uu6)
(%from r12 r13 r14 r15 rbp rbx %sum %to %uu1 %uu2 %uu3 %uu4 %uu5 %uu6)
(%from r12 r13 r14 r15 rbp rbx %sum %to %uu1 %uu2 %uu3 %uu4 %uu5 %uu6)
(%from r12 r13 r14 r15 rbp rbx %sum %to %uu1 %uu2 %uu3 %uu4 %uu5 %uu6)
(r12 r13 r14 r15 rbp rbx %rsp_16 %sum %to %uu1 %uu2 %uu3 %uu4 %uu5 %uu6)
(r12 r13 r14 r15 rbp rbx rdi %rsp_16 %sum %to %uu1 %uu2 %uu3 %uu4 %uu5 %uu6)
(r12 r13 r14 r15 rbp rbx rdi rsi %rsp_16 %sum %to %uu1 %uu2 %uu3 %uu4 %uu5 %uu6)
(r12 r13 r14 r15 rbp rbx rdi rdx rsi %rsp_16 %sum %to %uu1 %uu2 %uu3 %uu4 %uu5 %uu6)
(r12 r13 r14 r15 rbp rbx rcx rdi rdx rsi %rsp_16 %sum %to %uu1 %uu2 %uu3 %uu4 %uu5 %uu6)
(r12 r13 r14 r15 r8 rbp rbx rcx rdi rdx rsi %rsp_16 %sum %to %uu1 %uu2 %uu3 %uu4 %uu5 %uu6)
(r12 r13 r14 r15 r8 r9 rbp rbx rcx rdi rdx rsi %rsp_16 %sum %to %uu1 %uu2 %uu3 %uu4 %uu5 %uu6)
(r12 r13 r14 r15 r8 r9 rbp rbx rcx rdi rdx rsi %sum %to %uu1 %uu2 %uu3 %uu4 %uu5 %uu6)
(r12 r13 r14 r15 r8 r9 rbp rbx rcx rdi rdx rsi %sum %to %uu1 %uu2 %uu3 %uu4 %uu5 %uu6)
(r12 r13 r14 r15 r8 r9 rbp rbx rcx rdi rdx rsi %sum %to %uu1 %uu2 %uu3 %uu4 %uu5 %uu6)
(r12 r13 r14 r15 r8 r9 rbp rbx rcx rdi rdx rsi %sum %to %uu1 %uu2 %uu3 %uu4 %uu5 %uu6)
(r12 r13 r14 r15 r8 r9 rbp rbx rcx rdi rdx rsi %sum %to %uu1 %uu2 %uu3 %uu4 %uu5 %uu6)
(r12 r13 r14 r15 rax rbp rbx %sum %to %uu1 %uu2 %uu3 %uu4 %uu5 %uu6)
(r12 r13 r14 r15 rax rbp rbx %sum %to %uu1 %uu2 %uu3 %uu4 %uu5 %uu6)
(r12 r13 r14 r15 rbp rbx %sum %tmp_rax %to %uu1 %uu2 %uu3 %uu4 %uu5 %uu6)
(%from r12 r13 r14 r15 rbp rbx %sum %to %uu1 %uu2 %uu3 %uu4 %uu5 %uu6)
(%from r12 r13 r14 r15 rbp rbx %sum %to %uu1 %uu2 %uu3 %uu4 %uu5 %uu6)
(r12 r13 r14 r15 rbp rbx %sum)
(r12 r13 r14 r15 rax rbp rbx)
()
)

)
