(
(in
(r12 r13 r14 r15 rax rbp rbx rcx rdi rdx rsi)
(%A r12 r13 r14 r15 rax rbp rbx rcx rdx rsi)
(%A %k r12 r13 r14 r15 rax rbp rbx rcx rdx)
(%A %i %k r12 r13 r14 r15 rax rbp rbx rcx)
(%A %i %j %k r12 r13 r14 r15 rax rbp rbx)
(%A %i %j %k r12 r13 r14 r15 rax rbp rbx)
(%A %i %j %k r12 r13 r14 r15 rax rbp rbx)
(%A %i %j %k r12 r13 r14 r15 rax rbp rbx)
(%A %i %j %k %newVar1 r12 r13 r14 r15 rax rbp rbx)
(%A %i %j %k %newVar1 %newVar2 r12 r13 r14 r15 rax rbp rbx)
(%A %i %j %k %newVar1 %newVar2 r12 r13 r14 r15 rax rbp rbx)
(%A %i %j %k %newVar1 %newVar3 r12 r13 r14 r15 rax rbp rbx)
(%A %i %j %k %newVar1 %newVar3 %newVar5 r12 r13 r14 r15 rax rbp rbx)
(%A %i %j %k %newVar1 %newVar3 %newVar5 r12 r13 r14 r15 rax rbp rbx)
(%A %i %j %k %newVar1 %newVar3 %newVar6 r12 r13 r14 r15 rax rbp rbx)
(%A %i %j %k %newVar1 %newVar3 %newVar6 %newVar8 r12 r13 r14 r15 rax rbp rbx)
(%A %i %j %k %newVar1 %newVar3 %newVar7 %newVar8 r12 r13 r14 r15 rax rbp rbx)
(%A %i %j %k %newVar1 %newVar3 %newVar7 %newVar8 r12 r13 r14 r15 rax rbp rbx)
(%A %i %j %k %newVar1 %newVar3 %newVar8 r12 r13 r14 r15 rax rbp rbx)
(%A %j %k %newVar1 %newVar3 %newVar8 %newVar9 r12 r13 r14 r15 rax rbp rbx)
(%A %j %k %newVar1 %newVar3 %newVar8 %newVar9 r12 r13 r14 r15 rax rbp rbx)
(%A %j %k %newVar1 %newVar3 %newVar8 r12 r13 r14 r15 rax rbp rbx)
(%A %j %k %newVar1 %newVar4 %newVar8 r12 r13 r14 r15 rax rbp rbx)
(%A %j %k %newVar1 %newVar4 %newVar8 r12 r13 r14 r15 rax rbp rbx)
(%A %j %k %newVar1 %newVar8 r12 r13 r14 r15 rax rbp rbx)
(%A %j %newVar1 %newVar10 %newVar8 r12 r13 r14 r15 rax rbp rbx)
(%A %j %newVar1 %newVar10 r12 r13 r14 r15 rax rbp rbx)
(%A %j %newVar1 r12 r13 r14 r15 rax rbp rbx)
(%A %newVar1 r12 r13 r14 r15 rax rbp rbx)
(%A %newVar0 r12 r13 r14 r15 rax rbp rbx)
(%A %newVar0 r12 r13 r14 r15 rax rbp rbx)
(%A %newVar0 r12 r13 r14 r15 rax rbp rbx)
(%newVar0 %newVar11 r12 r13 r14 r15 rax rbp rbx)
(%newVar11 r12 r13 r14 r15 rax rbp rbx)
(r12 r13 r14 r15 rax rbp rbx)
)

(out
(%A r12 r13 r14 r15 rax rbp rbx rcx rdx rsi)
(%A %k r12 r13 r14 r15 rax rbp rbx rcx rdx)
(%A %i %k r12 r13 r14 r15 rax rbp rbx rcx)
(%A %i %j %k r12 r13 r14 r15 rax rbp rbx)
(%A %i %j %k r12 r13 r14 r15 rax rbp rbx)
(%A %i %j %k r12 r13 r14 r15 rax rbp rbx)
(%A %i %j %k r12 r13 r14 r15 rax rbp rbx)
(%A %i %j %k %newVar1 r12 r13 r14 r15 rax rbp rbx)
(%A %i %j %k %newVar1 %newVar2 r12 r13 r14 r15 rax rbp rbx)
(%A %i %j %k %newVar1 %newVar2 r12 r13 r14 r15 rax rbp rbx)
(%A %i %j %k %newVar1 %newVar3 r12 r13 r14 r15 rax rbp rbx)
(%A %i %j %k %newVar1 %newVar3 %newVar5 r12 r13 r14 r15 rax rbp rbx)
(%A %i %j %k %newVar1 %newVar3 %newVar5 r12 r13 r14 r15 rax rbp rbx)
(%A %i %j %k %newVar1 %newVar3 %newVar6 r12 r13 r14 r15 rax rbp rbx)
(%A %i %j %k %newVar1 %newVar3 %newVar6 %newVar8 r12 r13 r14 r15 rax rbp rbx)
(%A %i %j %k %newVar1 %newVar3 %newVar7 %newVar8 r12 r13 r14 r15 rax rbp rbx)
(%A %i %j %k %newVar1 %newVar3 %newVar7 %newVar8 r12 r13 r14 r15 rax rbp rbx)
(%A %i %j %k %newVar1 %newVar3 %newVar8 r12 r13 r14 r15 rax rbp rbx)
(%A %j %k %newVar1 %newVar3 %newVar8 %newVar9 r12 r13 r14 r15 rax rbp rbx)
(%A %j %k %newVar1 %newVar3 %newVar8 %newVar9 r12 r13 r14 r15 rax rbp rbx)
(%A %j %k %newVar1 %newVar3 %newVar8 r12 r13 r14 r15 rax rbp rbx)
(%A %j %k %newVar1 %newVar4 %newVar8 r12 r13 r14 r15 rax rbp rbx)
(%A %j %k %newVar1 %newVar4 %newVar8 r12 r13 r14 r15 rax rbp rbx)
(%A %j %k %newVar1 %newVar8 r12 r13 r14 r15 rax rbp rbx)
(%A %j %newVar1 %newVar10 %newVar8 r12 r13 r14 r15 rax rbp rbx)
(%A %j %newVar1 %newVar10 r12 r13 r14 r15 rax rbp rbx)
(%A %j %newVar1 r12 r13 r14 r15 rax rbp rbx)
(%A %newVar1 r12 r13 r14 r15 rax rbp rbx)
(%A %newVar0 r12 r13 r14 r15 rax rbp rbx)
(%A %newVar0 r12 r13 r14 r15 rax rbp rbx)
(%A %newVar0 r12 r13 r14 r15 rax rbp rbx)
(%newVar0 %newVar11 r12 r13 r14 r15 rax rbp rbx)
(%newVar11 r12 r13 r14 r15 rax rbp rbx)
(r12 r13 r14 r15 rax rbp rbx)
()
)

)
