(
(in
(r12 r13 r14 r15 rbp rbx rdi rsi)
(r12 r13 r14 r15 rax rbp rbx rsi)
(r12 r13 r14 r15 rax rbp rbx)
)

(out
(r12 r13 r14 r15 rax rbp rbx rsi)
(r12 r13 r14 r15 rax rbp rbx)
()
)

)
