(
(in
(r12 r13 r14 r15 rbp rbx rdi)
(%n r12 r13 r14 r15 rbp rbx rdi)
(%n r12 r13 r14 r15 rbp rbx rdi)
(%n r12 r13 r14 r15 rbp rbx rdi)
(%n r12 r13 r14 r15 rbp rbx rdi)
(%n r12 r13 r14 r15 rax rbp rbx)
(%n r12 r13 r14 r15 rax rbp rbx)
(%n r12 r13 r14 r15 rbp rbx %res)
(r12 r13 r14 r15 rbp rbx rdi %res)
(r12 r13 r14 r15 rbp rbx rdi %res)
(r12 r13 r14 r15 rbp rbx rdi %res)
(r12 r13 r14 r15 rax rbp rbx %res)
(r12 r13 r14 r15 rax rbp rbx %res)
(r12 r13 r14 r15 rbp rbx %res)
(%n r12 r13 r14 r15 rbp rbx)
(%n r12 r13 r14 r15 rbp rbx)
(r12 r13 r14 r15 rbp rbx)
(r12 r13 r14 r15 rbp rbx %res)
(r12 r13 r14 r15 rbp rbx)
(r12 r13 r14 r15 rbp rbx)
(r12 r13 r14 r15 rbp rbx %res)
(r12 r13 r14 r15 rbp rbx %res)
(r12 r13 r14 r15 rax rbp rbx)
)

(out
(%n r12 r13 r14 r15 rbp rbx rdi)
(%n r12 r13 r14 r15 rbp rbx rdi)
(%n r12 r13 r14 r15 rbp rbx rdi)
(%n r12 r13 r14 r15 rbp rbx rdi)
(%n r12 r13 r14 r15 rax rbp rbx)
(%n r12 r13 r14 r15 rax rbp rbx)
(%n r12 r13 r14 r15 rbp rbx %res)
(r12 r13 r14 r15 rbp rbx rdi %res)
(r12 r13 r14 r15 rbp rbx rdi %res)
(r12 r13 r14 r15 rbp rbx rdi %res)
(r12 r13 r14 r15 rax rbp rbx %res)
(r12 r13 r14 r15 rax rbp rbx %res)
(r12 r13 r14 r15 rbp rbx %res)
(r12 r13 r14 r15 rbp rbx %res)
(%n r12 r13 r14 r15 rbp rbx)
(r12 r13 r14 r15 rbp rbx)
(r12 r13 r14 r15 rbp rbx %res)
(r12 r13 r14 r15 rbp rbx %res)
(r12 r13 r14 r15 rbp rbx)
(r12 r13 r14 r15 rbp rbx %res)
(r12 r13 r14 r15 rbp rbx %res)
(r12 r13 r14 r15 rax rbp rbx)
()
)

)
