(
(in
(r12 r13 r14 r15 rax rbp rbx rdi)
(%nums r12 r13 r14 r15 rax rbp rbx)
(%decoded_nums r12 r13 r14 r15 rax rbp rbx)
(%decoded_nums r12 r13 r14 r15 rax rbp rbx)
(%decoded_nums %nth_tn r12 r13 r14 r15 rax rbp rbx)
(%decoded_nums %nth_tn r12 r13 r14 r15 rax rbp rbx)
(%decoded_nums %nth_tn r12 r13 r14 r15 rax rbp rbx)
(%cond %decoded_nums %nth_tn r12 r13 r14 r15 rax rbp rbx)
(%decoded_nums %nth_tn r12 r13 r14 r15 rbp rbx)
(%decoded_nums %nth_tn r12 r13 r14 r15 rbp rbx)
(%call_nth_tn %decoded_nums %nth_tn r12 r13 r14 r15 rbp rbx)
(%call_nth_tn %decoded_nums %nth_tn r12 r13 r14 r15 rbp rbx)
(%call_nth_tn %decoded_nums %nth_tn r12 r13 r14 r15 rbp rbx)
(%decoded_nums %nth_tn r12 r13 r14 r15 rbp rbx rdi)
(%decoded_nums %nth_tn r12 r13 r14 r15 rbp rbx rdi)
(%decoded_nums %nth_tn r12 r13 r14 r15 rax rbp rbx)
(%decoded_nums %nth_tn r12 r13 r14 r15 rax rbp rbx)
(%decoded_nums %nth_tn r12 r13 r14 r15 rax rbp rbx)
(%decoded_nums %nth_tn r12 r13 r14 r15 rax rbp rbx)
(%decoded_nums %nth_tn r12 r13 r14 r15 rax rbp rbx)
(r12 r13 r14 r15 rax rbp rbx)
(r12 r13 r14 r15 rax rbp rbx)
)

(out
(%nums r12 r13 r14 r15 rax rbp rbx)
(%decoded_nums r12 r13 r14 r15 rax rbp rbx)
(%decoded_nums r12 r13 r14 r15 rax rbp rbx)
(%decoded_nums %nth_tn r12 r13 r14 r15 rax rbp rbx)
(%decoded_nums %nth_tn r12 r13 r14 r15 rax rbp rbx)
(%decoded_nums %nth_tn r12 r13 r14 r15 rax rbp rbx)
(%cond %decoded_nums %nth_tn r12 r13 r14 r15 rax rbp rbx)
(%decoded_nums %nth_tn r12 r13 r14 r15 rax rbp rbx)
(%decoded_nums %nth_tn r12 r13 r14 r15 rbp rbx)
(%call_nth_tn %decoded_nums %nth_tn r12 r13 r14 r15 rbp rbx)
(%call_nth_tn %decoded_nums %nth_tn r12 r13 r14 r15 rbp rbx)
(%call_nth_tn %decoded_nums %nth_tn r12 r13 r14 r15 rbp rbx)
(%decoded_nums %nth_tn r12 r13 r14 r15 rbp rbx rdi)
(%decoded_nums %nth_tn r12 r13 r14 r15 rbp rbx rdi)
(%decoded_nums %nth_tn r12 r13 r14 r15 rax rbp rbx)
(%decoded_nums %nth_tn r12 r13 r14 r15 rax rbp rbx)
(%decoded_nums %nth_tn r12 r13 r14 r15 rax rbp rbx)
(%decoded_nums %nth_tn r12 r13 r14 r15 rax rbp rbx)
(%decoded_nums %nth_tn r12 r13 r14 r15 rax rbp rbx)
(%decoded_nums %nth_tn r12 r13 r14 r15 rax rbp rbx)
(r12 r13 r14 r15 rax rbp rbx)
()
)

)
