(
(in
(r12 r13 r14 r15 rax rbp rbx)
(%newVariableBx r12 r13 r14 r15 rax rbp rbx)
(%newVariableBx r12 r13 r14 r15 rax rbp rbx)
(%newVariableBx r12 r13 r14 r15 rbp rbx)
(%newVariableBx r12 r13 r14 r15 rbp rbx)
(%newVariableBx r12 r13 r14 r15 rbp rbx)
(%newVariableBx r12 r13 r14 r15 rbp rbx rdi)
(%newVariableBx r12 r13 r14 r15 rbp rbx rdi)
(r12 r13 r14 r15 rbp rbx rdi %variableEU0HW83MOT)
(r12 r13 r14 r15 rax rbp rbx %variableEU0HW83MOT)
(%newVariableBx r12 r13 r14 r15 rax rbp rbx)
(%newVariableBx r12 r13 r14 r15 rax rbp rbx)
(r12 r13 r14 r15 rax rbp rbx)
(r12 r13 r14 r15 rax rbp rbx)
)

(out
(%newVariableBx r12 r13 r14 r15 rax rbp rbx)
(%newVariableBx r12 r13 r14 r15 rax rbp rbx)
(%newVariableBx r12 r13 r14 r15 rax rbp rbx)
(%newVariableBx r12 r13 r14 r15 rbp rbx)
(%newVariableBx r12 r13 r14 r15 rbp rbx)
(%newVariableBx r12 r13 r14 r15 rbp rbx rdi)
(%newVariableBx r12 r13 r14 r15 rbp rbx rdi)
(r12 r13 r14 r15 rbp rbx rdi %variableEU0HW83MOT)
(r12 r13 r14 r15 rax rbp rbx %variableEU0HW83MOT)
(%newVariableBx r12 r13 r14 r15 rax rbp rbx)
(%newVariableBx r12 r13 r14 r15 rax rbp rbx)
(%newVariableBx r12 r13 r14 r15 rax rbp rbx)
(r12 r13 r14 r15 rax rbp rbx)
()
)

)
