(
(in
(r12 r13 r14 r15 rbp rbx)
(r12 r13 r14 r15 rbp rbx)
(r12 r13 r14 r15 rbp rbx %var1)
(r12 r13 r14 r15 rbp rbx %var1 %var1print)
(r12 r13 r14 r15 rbp rbx %var1 %var1print)
(r12 r13 r14 r15 rbp rbx %var1 %var1print)
(r12 r13 r14 r15 rbp rbx rdi %var1)
(r12 r13 r14 r15 rbp rbx %var1)
(r12 r13 r14 r15 rbp rbx %var1 %var2)
(r12 r13 r14 r15 rbp rbx %var1 %var2)
(r12 r13 r14 r15 rbp rbx %var1 %var2)
(%c1 r12 r13 r14 r15 rbp rbx %var1 %var2)
(r12 r13 r14 r15 rbp rbx %var1 %var2)
(r12 r13 r14 r15 rbp rbx %var1 %var2)
(r12 r13 r14 r15 rbp rbx %var1 %var2)
(r12 r13 r14 r15 rbp rbx %var1 %var2)
(r12 r13 r14 r15 rbp rbx %var1 %var2)
(%c2 r12 r13 r14 r15 rbp rbx %var1 %var2)
(r12 r13 r14 r15 rbp rbx %var2)
(r12 r13 r14 r15 rbp rbx %var2)
(r12 r13 r14 r15 rbp rbx %var2)
(r12 r13 r14 r15 rbp rbx %var2print)
(r12 r13 r14 r15 rbp rbx %var2print)
(r12 r13 r14 r15 rbp rbx %var2print)
(r12 r13 r14 r15 rbp rbx rdi)
(r12 r13 r14 r15 rbp rbx)
(r12 r13 r14 r15 rax rbp rbx)
(r12 r13 r14 r15 rbp rbx)
(r12 r13 r14 r15 rbp rbx)
(r12 r13 r14 r15 rbp rbx rdi)
(r12 r13 r14 r15 rbp rbx)
(r12 r13 r14 r15 rax rbp rbx)
)

(out
(r12 r13 r14 r15 rbp rbx)
(r12 r13 r14 r15 rbp rbx %var1)
(r12 r13 r14 r15 rbp rbx %var1 %var1print)
(r12 r13 r14 r15 rbp rbx %var1 %var1print)
(r12 r13 r14 r15 rbp rbx %var1 %var1print)
(r12 r13 r14 r15 rbp rbx rdi %var1)
(r12 r13 r14 r15 rbp rbx %var1)
(r12 r13 r14 r15 rbp rbx %var1 %var2)
(r12 r13 r14 r15 rbp rbx %var1 %var2)
(r12 r13 r14 r15 rbp rbx %var1 %var2)
(%c1 r12 r13 r14 r15 rbp rbx %var1 %var2)
(r12 r13 r14 r15 rbp rbx %var1 %var2)
(r12 r13 r14 r15 rbp rbx %var1 %var2)
(r12 r13 r14 r15 rbp rbx %var1 %var2)
(r12 r13 r14 r15 rbp rbx %var1 %var2)
(r12 r13 r14 r15 rbp rbx %var1 %var2)
(%c2 r12 r13 r14 r15 rbp rbx %var1 %var2)
(r12 r13 r14 r15 rbp rbx %var1 %var2)
(r12 r13 r14 r15 rbp rbx %var2)
(r12 r13 r14 r15 rbp rbx %var2)
(r12 r13 r14 r15 rbp rbx %var2print)
(r12 r13 r14 r15 rbp rbx %var2print)
(r12 r13 r14 r15 rbp rbx %var2print)
(r12 r13 r14 r15 rbp rbx rdi)
(r12 r13 r14 r15 rbp rbx)
(r12 r13 r14 r15 rax rbp rbx)
()
(r12 r13 r14 r15 rbp rbx)
(r12 r13 r14 r15 rbp rbx rdi)
(r12 r13 r14 r15 rbp rbx)
(r12 r13 r14 r15 rax rbp rbx)
()
)

)
