(
(in
(r12 r13 r14 r15 rbp rbx)
(%memmy r12 r13 r14 r15 rbp rbx)
(r12 r13 r14 r15 rbp rbx rdi)
(r12 r13 r14 r15 rbp rbx rdi rsi)
(r12 r13 r14 r15 rax rbp rbx)
(r12 r13 r14 r15 rbp rbx %thing)
(r12 r13 r14 r15 rbp rbx rdi)
(r12 r13 r14 r15 rax rbp rbx)
)

(out
(%memmy r12 r13 r14 r15 rbp rbx)
(r12 r13 r14 r15 rbp rbx rdi)
(r12 r13 r14 r15 rbp rbx rdi rsi)
(r12 r13 r14 r15 rax rbp rbx)
(r12 r13 r14 r15 rbp rbx %thing)
(r12 r13 r14 r15 rbp rbx rdi)
(r12 r13 r14 r15 rax rbp rbx)
()
)

)
