(
(in
(r12 r13 r14 r15 rbp rbx rdi)
(%num r12 r13 r14 r15 rbp rbx)
(%computes_remaining r12 r13 r14 r15 rbp rbx)
(%computes_remaining %computes_started r12 r13 r14 r15 rbp rbx)
(%computes_remaining %computes_started %fib_i r12 r13 r14 r15 rbp rbx)
(%computes_remaining %computes_started %fib_i %fib_im1 r12 r13 r14 r15 rbp rbx)
(%computes_remaining %computes_started %fib_i %fib_im1 r12 r13 r14 r15 rbp rbx)
(%computes_remaining %computes_started %fib_i %fib_im1 r12 r13 r14 r15 rbp rbx rdi)
(%computes_remaining %computes_started %fib_i %fib_im1 r12 r13 r14 r15 rbp rbx rdi)
(%computes_remaining %computes_started %fib_i %fib_im1 r12 r13 r14 r15 rbp rbx)
(%computes_remaining %computes_started %fib_i %fib_im1 r12 r13 r14 r15 rbp rbx)
(%computes_remaining %computes_started %fib_i %fib_im1 r12 r13 r14 r15 rbp rbx rdi)
(%computes_remaining %computes_started %fib_i %fib_im1 r12 r13 r14 r15 rbp rbx rdi)
(%computes_remaining %computes_started %fib_i %fib_im1 r12 r13 r14 r15 rbp rbx)
(%computes_remaining %computes_started %fib_i %fib_im1 r12 r13 r14 r15 rbp rbx)
(%computes_remaining %computes_started %fib_i %fib_im1 r12 r13 r14 r15 rbp rbx rdi)
(%computes_remaining %computes_started %fib_i %fib_im1 r12 r13 r14 r15 rbp rbx rdi)
(%computes_remaining %computes_started %fib_i %fib_im1 r12 r13 r14 r15 rax rbp rbx)
(%computes_remaining %computes_started %fib_i %fib_im1 r12 r13 r14 r15 rax rbp rbx)
(%computes_remaining %computes_started %fib_i %fib_im1 r12 r13 r14 r15 rax rbp rbx)
(%computes_remaining %computes_started %done %fib_i %fib_im1 r12 r13 r14 r15 rax rbp rbx)
(%computes_remaining %computes_started %fib_i %fib_im1 r12 r13 r14 r15 rbp rbx)
(%computes_remaining %computes_started %fib_i %fib_im1 r12 r13 r14 r15 rbp rbx)
(%computes_remaining %computes_started %fib_i %fib_im1 r12 r13 r14 r15 rbp rbx)
(%computes_remaining %computes_started %fib_i %fib_im1 r12 r13 r14 r15 rbp rbx)
(%computes_remaining %computes_started %fib_i %fib_im1 %past_base_case r12 r13 r14 r15 rbp rbx)
(%computes_remaining %computes_started %fib_i %fib_im1 r12 r13 r14 r15 rbp rbx)
(%computes_remaining %computes_started %fib_i %fib_im1 r12 r13 r14 r15 rbp rbx)
(%computes_remaining %computes_started %fib_i %fib_im1 r12 r13 r14 r15 rbp rbx)
(%computes_remaining %computes_started %fib_i %fib_im1 r12 r13 r14 r15 rbp rbx)
(%computes_remaining %computes_started %fib_i %fib_im1 %old_fib_i r12 r13 r14 r15 rbp rbx)
(%computes_remaining %computes_started %fib_i %old_fib_i r12 r13 r14 r15 rbp rbx)
(%computes_remaining %computes_started %fib_i %fib_im1 r12 r13 r14 r15 rbp rbx)
(r12 r13 r14 r15 rax rbp rbx)
(r12 r13 r14 r15 rax rbp rbx)
)

(out
(%num r12 r13 r14 r15 rbp rbx)
(%computes_remaining r12 r13 r14 r15 rbp rbx)
(%computes_remaining %computes_started r12 r13 r14 r15 rbp rbx)
(%computes_remaining %computes_started %fib_i r12 r13 r14 r15 rbp rbx)
(%computes_remaining %computes_started %fib_i %fib_im1 r12 r13 r14 r15 rbp rbx)
(%computes_remaining %computes_started %fib_i %fib_im1 r12 r13 r14 r15 rbp rbx)
(%computes_remaining %computes_started %fib_i %fib_im1 r12 r13 r14 r15 rbp rbx rdi)
(%computes_remaining %computes_started %fib_i %fib_im1 r12 r13 r14 r15 rbp rbx rdi)
(%computes_remaining %computes_started %fib_i %fib_im1 r12 r13 r14 r15 rbp rbx)
(%computes_remaining %computes_started %fib_i %fib_im1 r12 r13 r14 r15 rbp rbx)
(%computes_remaining %computes_started %fib_i %fib_im1 r12 r13 r14 r15 rbp rbx rdi)
(%computes_remaining %computes_started %fib_i %fib_im1 r12 r13 r14 r15 rbp rbx rdi)
(%computes_remaining %computes_started %fib_i %fib_im1 r12 r13 r14 r15 rbp rbx)
(%computes_remaining %computes_started %fib_i %fib_im1 r12 r13 r14 r15 rbp rbx)
(%computes_remaining %computes_started %fib_i %fib_im1 r12 r13 r14 r15 rbp rbx rdi)
(%computes_remaining %computes_started %fib_i %fib_im1 r12 r13 r14 r15 rbp rbx rdi)
(%computes_remaining %computes_started %fib_i %fib_im1 r12 r13 r14 r15 rax rbp rbx)
(%computes_remaining %computes_started %fib_i %fib_im1 r12 r13 r14 r15 rax rbp rbx)
(%computes_remaining %computes_started %fib_i %fib_im1 r12 r13 r14 r15 rax rbp rbx)
(%computes_remaining %computes_started %done %fib_i %fib_im1 r12 r13 r14 r15 rax rbp rbx)
(%computes_remaining %computes_started %fib_i %fib_im1 r12 r13 r14 r15 rax rbp rbx)
(%computes_remaining %computes_started %fib_i %fib_im1 r12 r13 r14 r15 rbp rbx)
(%computes_remaining %computes_started %fib_i %fib_im1 r12 r13 r14 r15 rbp rbx)
(%computes_remaining %computes_started %fib_i %fib_im1 r12 r13 r14 r15 rbp rbx)
(%computes_remaining %computes_started %fib_i %fib_im1 %past_base_case r12 r13 r14 r15 rbp rbx)
(%computes_remaining %computes_started %fib_i %fib_im1 r12 r13 r14 r15 rbp rbx)
(%computes_remaining %computes_started %fib_i %fib_im1 r12 r13 r14 r15 rbp rbx)
(%computes_remaining %computes_started %fib_i %fib_im1 r12 r13 r14 r15 rbp rbx)
(%computes_remaining %computes_started %fib_i %fib_im1 r12 r13 r14 r15 rbp rbx)
(%computes_remaining %computes_started %fib_i %fib_im1 %old_fib_i r12 r13 r14 r15 rbp rbx)
(%computes_remaining %computes_started %fib_i %old_fib_i r12 r13 r14 r15 rbp rbx)
(%computes_remaining %computes_started %fib_i %fib_im1 r12 r13 r14 r15 rbp rbx)
(%computes_remaining %computes_started %fib_i %fib_im1 r12 r13 r14 r15 rbp rbx)
(r12 r13 r14 r15 rax rbp rbx)
()
)

)
