(
(in
(r12 r13 r14 r15 rbp rbx rdi)
(%r r12 r13 r14 r15 rbp rbx)
(%pi %r r12 r13 r14 r15 rbp rbx)
(%pi %r r12 r13 r14 r15 %r2 rbp rbx)
(%pi r12 r13 r14 r15 %r2 rbp rbx)
(%pi r12 r13 r14 r15 %r2times4 rbp rbx)
(%pi r12 r13 r14 r15 %r2times4 rbp rbx)
(%pi r12 r13 r14 r15 rbp rbx %sa)
(r12 r13 r14 r15 rbp rbx %sa)
(r12 r13 r14 r15 rax rbp rbx)
)

(out
(%r r12 r13 r14 r15 rbp rbx)
(%pi %r r12 r13 r14 r15 rbp rbx)
(%pi %r r12 r13 r14 r15 %r2 rbp rbx)
(%pi r12 r13 r14 r15 %r2 rbp rbx)
(%pi r12 r13 r14 r15 %r2times4 rbp rbx)
(%pi r12 r13 r14 r15 %r2times4 rbp rbx)
(%pi r12 r13 r14 r15 rbp rbx %sa)
(r12 r13 r14 r15 rbp rbx %sa)
(r12 r13 r14 r15 rax rbp rbx)
()
)

)
