(
(in
(r12 r13 r14 r15 r8 r9 rbp rbx rcx rdi rdx rsi)
(r12 r13 r14 r15 r8 r9 rbp rbx rcx rdx rsi %sum)
(r12 r13 r14 r15 r8 r9 rbp rbx rcx rdx %sum)
(r12 r13 r14 r15 r8 r9 rbp rbx rcx %sum)
(r12 r13 r14 r15 r8 r9 rbp rbx %sum)
(r12 r13 r14 r15 r9 rbp rbx %sum)
(r12 r13 r14 r15 rbp rbx %sum)
(%arg7 r12 r13 r14 r15 rbp rbx %sum)
(r12 r13 r14 r15 rbp rbx %sum)
(r12 r13 r14 r15 rbp rbx %sum)
(r12 r13 r14 r15 rbp rbx %sum)
(r12 r13 r14 r15 rbp rbx rdi %sum)
(r12 r13 r14 r15 rbp rbx %sum)
(r12 r13 r14 r15 rax rbp rbx)
)

(out
(r12 r13 r14 r15 r8 r9 rbp rbx rcx rdx rsi %sum)
(r12 r13 r14 r15 r8 r9 rbp rbx rcx rdx %sum)
(r12 r13 r14 r15 r8 r9 rbp rbx rcx %sum)
(r12 r13 r14 r15 r8 r9 rbp rbx %sum)
(r12 r13 r14 r15 r9 rbp rbx %sum)
(r12 r13 r14 r15 rbp rbx %sum)
(%arg7 r12 r13 r14 r15 rbp rbx %sum)
(r12 r13 r14 r15 rbp rbx %sum)
(r12 r13 r14 r15 rbp rbx %sum)
(r12 r13 r14 r15 rbp rbx %sum)
(r12 r13 r14 r15 rbp rbx rdi %sum)
(r12 r13 r14 r15 rbp rbx %sum)
(r12 r13 r14 r15 rax rbp rbx)
()
)

)
