(
(in
(r12 r13 r14 r15 rbp rbx)
(r12 r13 r14 r15 rbp rbx)
(r12 r13 r14 r15 rbp rbx rdi)
(r12 r13 r14 r15 rbp rbx rdi rsi)
(r12 r13 r14 r15 rbp rbx rdi rsi)
(r12 r13 r14 r15 rax rbp rbx)
(r12 r13 r14 r15 rax rbp rbx)
(%r r12 r13 r14 r15 rbp rbx)
(%r r12 r13 r14 r15 rbp rbx)
(%r r12 r13 r14 r15 rbp rbx)
(r12 r13 r14 r15 rbp rbx rdi)
(r12 r13 r14 r15 rbp rbx)
(%max r12 r13 r14 r15 rbp rbx)
(%i %max r12 r13 r14 r15 rbp rbx)
(%i %max r12 r13 r14 r15 rbp rbx)
(%i %max r12 r13 r14 r15 rbp rbx)
(%i %max r12 r13 r14 r15 rbp rbx)
(%i %isDone %max r12 r13 r14 r15 rbp rbx)
(%i %max r12 r13 r14 r15 rbp rbx)
(%i %max r12 r13 r14 r15 rbp rbx)
(%i %max r12 r13 r14 r15 rbp rbx)
(%i %max r12 r13 r14 r15 rbp rbx rdi)
(%i %max r12 r13 r14 r15 rbp rbx rdi rsi)
(%i %max r12 r13 r14 r15 rbp rbx rdi rsi)
(%i %max r12 r13 r14 r15 rax rbp rbx)
(%i %max r12 r13 r14 r15 rax rbp rbx)
(%i %max r12 r13 r14 r15 rbp rbx %result)
(%i %max %newMax r12 r13 r14 r15 rbp rbx)
(%i %max r12 r13 r14 r15 rbp rbx)
(%i r12 r13 r14 r15 rbp rbx)
(%i r12 r13 r14 r15 rbp rbx)
(%i %max r12 r13 r14 r15 rbp rbx)
(%max r12 r13 r14 r15 rbp rbx)
(%max r12 r13 r14 r15 rbp rbx)
(%max r12 r13 r14 r15 rbp rbx)
(%max r12 r13 r14 r15 rbp rbx)
(r12 r13 r14 r15 rbp rbx rdi)
(r12 r13 r14 r15 rax rbp rbx)
)

(out
(r12 r13 r14 r15 rbp rbx)
(r12 r13 r14 r15 rbp rbx rdi)
(r12 r13 r14 r15 rbp rbx rdi rsi)
(r12 r13 r14 r15 rbp rbx rdi rsi)
(r12 r13 r14 r15 rax rbp rbx)
(r12 r13 r14 r15 rax rbp rbx)
(%r r12 r13 r14 r15 rbp rbx)
(%r r12 r13 r14 r15 rbp rbx)
(%r r12 r13 r14 r15 rbp rbx)
(r12 r13 r14 r15 rbp rbx rdi)
(r12 r13 r14 r15 rbp rbx)
(%max r12 r13 r14 r15 rbp rbx)
(%i %max r12 r13 r14 r15 rbp rbx)
(%i %max r12 r13 r14 r15 rbp rbx)
(%i %max r12 r13 r14 r15 rbp rbx)
(%i %max r12 r13 r14 r15 rbp rbx)
(%i %isDone %max r12 r13 r14 r15 rbp rbx)
(%i %max r12 r13 r14 r15 rbp rbx)
(%i %max r12 r13 r14 r15 rbp rbx)
(%i %max r12 r13 r14 r15 rbp rbx)
(%i %max r12 r13 r14 r15 rbp rbx rdi)
(%i %max r12 r13 r14 r15 rbp rbx rdi rsi)
(%i %max r12 r13 r14 r15 rbp rbx rdi rsi)
(%i %max r12 r13 r14 r15 rax rbp rbx)
(%i %max r12 r13 r14 r15 rax rbp rbx)
(%i %max r12 r13 r14 r15 rbp rbx %result)
(%i %max %newMax r12 r13 r14 r15 rbp rbx)
(%i %max r12 r13 r14 r15 rbp rbx)
(%i %max r12 r13 r14 r15 rbp rbx)
(%i r12 r13 r14 r15 rbp rbx)
(%i %max r12 r13 r14 r15 rbp rbx)
(%i %max r12 r13 r14 r15 rbp rbx)
(%max r12 r13 r14 r15 rbp rbx)
(%max r12 r13 r14 r15 rbp rbx)
(%max r12 r13 r14 r15 rbp rbx)
(r12 r13 r14 r15 rbp rbx rdi)
(r12 r13 r14 r15 rax rbp rbx)
()
)

)
