(
(in
(r12 r13 r14 r15 rax rbp rbx rdi rsi)
(%n r12 r13 r14 r15 rax rbp rbx rsi)
(%e %n r12 r13 r14 r15 rax rbp rbx)
(%e %index %n r12 r13 r14 r15 rax rbp rbx)
(%e %index %n r12 r13 r14 r15 rax rbp rbx)
(%check %e %index %n r12 r13 r14 r15 rax rbp rbx)
(%e %index %n r12 r13 r14 r15 rbp rbx)
(%e %index %n r12 r13 r14 r15 rbp rbx)
(%e %index %n r12 r13 r14 r15 rbp rbx rdi)
(%e %index %n r12 r13 r14 r15 rbp rbx rdi rsi)
(%e %index %n r12 r13 r14 r15 rbp rbx rdi rsi)
(%e %index %n r12 r13 r14 r15 rax rbp rbx)
(%e %index %n r12 r13 r14 r15 rax rbp rbx)
(%e %index %n r12 r13 r14 r15 rbp rbx %value)
(%e %index %n r12 r13 r14 r15 rbp rbx %value)
(%e %index %n r12 r13 r14 r15 rbp rbx %value)
(%e %index %n r12 r13 r14 r15 rbp rbx rdi)
(%e %index %n r12 r13 r14 r15 rax rbp rbx)
(r12 r13 r14 r15 rax rbp rbx)
(r12 r13 r14 r15 rax rbp rbx)
)

(out
(%n r12 r13 r14 r15 rax rbp rbx rsi)
(%e %n r12 r13 r14 r15 rax rbp rbx)
(%e %index %n r12 r13 r14 r15 rax rbp rbx)
(%e %index %n r12 r13 r14 r15 rax rbp rbx)
(%check %e %index %n r12 r13 r14 r15 rax rbp rbx)
(%e %index %n r12 r13 r14 r15 rax rbp rbx)
(%e %index %n r12 r13 r14 r15 rbp rbx)
(%e %index %n r12 r13 r14 r15 rbp rbx rdi)
(%e %index %n r12 r13 r14 r15 rbp rbx rdi rsi)
(%e %index %n r12 r13 r14 r15 rbp rbx rdi rsi)
(%e %index %n r12 r13 r14 r15 rax rbp rbx)
(%e %index %n r12 r13 r14 r15 rax rbp rbx)
(%e %index %n r12 r13 r14 r15 rbp rbx %value)
(%e %index %n r12 r13 r14 r15 rbp rbx %value)
(%e %index %n r12 r13 r14 r15 rbp rbx %value)
(%e %index %n r12 r13 r14 r15 rbp rbx rdi)
(%e %index %n r12 r13 r14 r15 rax rbp rbx)
(%e %index %n r12 r13 r14 r15 rax rbp rbx)
(r12 r13 r14 r15 rax rbp rbx)
()
)

)
