(
(in
(r12 r13 r14 r15 rbp rbx)
(%first r12 r13 r14 r15 rbp rbx)
(%first r12 r13 r14 r15 rbp rbx %second)
(r12 r13 r14 r15 rbp rbx rdi %second)
(r12 r13 r14 r15 rbp rbx rdi rsi)
(r12 r13 r14 r15 rbp rbx rdi rsi)
(r12 r13 r14 r15 rax rbp rbx)
(r12 r13 r14 r15 rax rbp rbx)
(r12 r13 r14 r15 rbp rbx %remainder)
(r12 r13 r14 r15 rbp rbx rdi)
(r12 r13 r14 r15 rbp rbx)
(%first r12 r13 r14 r15 rbp rbx)
(%first r12 r13 r14 r15 rbp rbx %second)
(r12 r13 r14 r15 rbp rbx rdi %second)
(r12 r13 r14 r15 rbp rbx rdi rsi)
(r12 r13 r14 r15 rbp rbx rdi rsi)
(r12 r13 r14 r15 rax rbp rbx)
(r12 r13 r14 r15 rax rbp rbx)
(r12 r13 r14 r15 rbp rbx %remainder)
(r12 r13 r14 r15 rbp rbx rdi)
(r12 r13 r14 r15 rbp rbx)
(%first r12 r13 r14 r15 rbp rbx)
(%first r12 r13 r14 r15 rbp rbx %second)
(r12 r13 r14 r15 rbp rbx rdi %second)
(r12 r13 r14 r15 rbp rbx rdi rsi)
(r12 r13 r14 r15 rbp rbx rdi rsi)
(r12 r13 r14 r15 rax rbp rbx)
(r12 r13 r14 r15 rax rbp rbx)
(r12 r13 r14 r15 rbp rbx %remainder)
(r12 r13 r14 r15 rbp rbx rdi)
(r12 r13 r14 r15 rbp rbx)
(%first r12 r13 r14 r15 rbp rbx)
(%first r12 r13 r14 r15 rbp rbx %second)
(r12 r13 r14 r15 rbp rbx rdi %second)
(r12 r13 r14 r15 rbp rbx rdi rsi)
(r12 r13 r14 r15 rbp rbx rdi rsi)
(r12 r13 r14 r15 rax rbp rbx)
(r12 r13 r14 r15 rax rbp rbx)
(r12 r13 r14 r15 rbp rbx %remainder)
(r12 r13 r14 r15 rbp rbx rdi)
(r12 r13 r14 r15 rbp rbx)
(%number r12 r13 r14 r15 rbp rbx)
(r12 r13 r14 r15 rbp rbx rdi)
(r12 r13 r14 r15 rbp rbx rdi)
(r12 r13 r14 r15 rax rbp rbx)
(r12 r13 r14 r15 rax rbp rbx)
(%is_prime r12 r13 r14 r15 rbp rbx)
(r12 r13 r14 r15 rbp rbx rdi)
(r12 r13 r14 r15 rbp rbx)
(%number r12 r13 r14 r15 rbp rbx)
(r12 r13 r14 r15 rbp rbx rdi)
(r12 r13 r14 r15 rbp rbx rdi)
(r12 r13 r14 r15 rax rbp rbx)
(r12 r13 r14 r15 rax rbp rbx)
(%is_prime r12 r13 r14 r15 rbp rbx)
(r12 r13 r14 r15 rbp rbx rdi)
(r12 r13 r14 r15 rbp rbx)
(%number r12 r13 r14 r15 rbp rbx)
(r12 r13 r14 r15 rbp rbx rdi)
(r12 r13 r14 r15 rbp rbx rdi)
(r12 r13 r14 r15 rax rbp rbx)
(r12 r13 r14 r15 rax rbp rbx)
(%is_prime r12 r13 r14 r15 rbp rbx)
(r12 r13 r14 r15 rbp rbx rdi)
(r12 r13 r14 r15 rbp rbx)
(%number r12 r13 r14 r15 rbp rbx)
(r12 r13 r14 r15 rbp rbx rdi)
(r12 r13 r14 r15 rbp rbx rdi)
(r12 r13 r14 r15 rax rbp rbx)
(r12 r13 r14 r15 rax rbp rbx)
(%is_prime r12 r13 r14 r15 rbp rbx)
(r12 r13 r14 r15 rbp rbx rdi)
(r12 r13 r14 r15 rbp rbx)
(%number r12 r13 r14 r15 rbp rbx)
(r12 r13 r14 r15 rbp rbx rdi)
(r12 r13 r14 r15 rbp rbx rdi)
(r12 r13 r14 r15 rax rbp rbx)
(r12 r13 r14 r15 rax rbp rbx)
(%is_prime r12 r13 r14 r15 rbp rbx)
(r12 r13 r14 r15 rbp rbx rdi)
(r12 r13 r14 r15 rbp rbx)
(%number r12 r13 r14 r15 rbp rbx)
(r12 r13 r14 r15 rbp rbx rdi)
(r12 r13 r14 r15 rbp rbx rdi)
(r12 r13 r14 r15 rax rbp rbx)
(r12 r13 r14 r15 rax rbp rbx)
(%is_prime r12 r13 r14 r15 rbp rbx)
(r12 r13 r14 r15 rbp rbx rdi)
(r12 r13 r14 r15 rax rbp rbx)
)

(out
(%first r12 r13 r14 r15 rbp rbx)
(%first r12 r13 r14 r15 rbp rbx %second)
(r12 r13 r14 r15 rbp rbx rdi %second)
(r12 r13 r14 r15 rbp rbx rdi rsi)
(r12 r13 r14 r15 rbp rbx rdi rsi)
(r12 r13 r14 r15 rax rbp rbx)
(r12 r13 r14 r15 rax rbp rbx)
(r12 r13 r14 r15 rbp rbx %remainder)
(r12 r13 r14 r15 rbp rbx rdi)
(r12 r13 r14 r15 rbp rbx)
(%first r12 r13 r14 r15 rbp rbx)
(%first r12 r13 r14 r15 rbp rbx %second)
(r12 r13 r14 r15 rbp rbx rdi %second)
(r12 r13 r14 r15 rbp rbx rdi rsi)
(r12 r13 r14 r15 rbp rbx rdi rsi)
(r12 r13 r14 r15 rax rbp rbx)
(r12 r13 r14 r15 rax rbp rbx)
(r12 r13 r14 r15 rbp rbx %remainder)
(r12 r13 r14 r15 rbp rbx rdi)
(r12 r13 r14 r15 rbp rbx)
(%first r12 r13 r14 r15 rbp rbx)
(%first r12 r13 r14 r15 rbp rbx %second)
(r12 r13 r14 r15 rbp rbx rdi %second)
(r12 r13 r14 r15 rbp rbx rdi rsi)
(r12 r13 r14 r15 rbp rbx rdi rsi)
(r12 r13 r14 r15 rax rbp rbx)
(r12 r13 r14 r15 rax rbp rbx)
(r12 r13 r14 r15 rbp rbx %remainder)
(r12 r13 r14 r15 rbp rbx rdi)
(r12 r13 r14 r15 rbp rbx)
(%first r12 r13 r14 r15 rbp rbx)
(%first r12 r13 r14 r15 rbp rbx %second)
(r12 r13 r14 r15 rbp rbx rdi %second)
(r12 r13 r14 r15 rbp rbx rdi rsi)
(r12 r13 r14 r15 rbp rbx rdi rsi)
(r12 r13 r14 r15 rax rbp rbx)
(r12 r13 r14 r15 rax rbp rbx)
(r12 r13 r14 r15 rbp rbx %remainder)
(r12 r13 r14 r15 rbp rbx rdi)
(r12 r13 r14 r15 rbp rbx)
(%number r12 r13 r14 r15 rbp rbx)
(r12 r13 r14 r15 rbp rbx rdi)
(r12 r13 r14 r15 rbp rbx rdi)
(r12 r13 r14 r15 rax rbp rbx)
(r12 r13 r14 r15 rax rbp rbx)
(%is_prime r12 r13 r14 r15 rbp rbx)
(r12 r13 r14 r15 rbp rbx rdi)
(r12 r13 r14 r15 rbp rbx)
(%number r12 r13 r14 r15 rbp rbx)
(r12 r13 r14 r15 rbp rbx rdi)
(r12 r13 r14 r15 rbp rbx rdi)
(r12 r13 r14 r15 rax rbp rbx)
(r12 r13 r14 r15 rax rbp rbx)
(%is_prime r12 r13 r14 r15 rbp rbx)
(r12 r13 r14 r15 rbp rbx rdi)
(r12 r13 r14 r15 rbp rbx)
(%number r12 r13 r14 r15 rbp rbx)
(r12 r13 r14 r15 rbp rbx rdi)
(r12 r13 r14 r15 rbp rbx rdi)
(r12 r13 r14 r15 rax rbp rbx)
(r12 r13 r14 r15 rax rbp rbx)
(%is_prime r12 r13 r14 r15 rbp rbx)
(r12 r13 r14 r15 rbp rbx rdi)
(r12 r13 r14 r15 rbp rbx)
(%number r12 r13 r14 r15 rbp rbx)
(r12 r13 r14 r15 rbp rbx rdi)
(r12 r13 r14 r15 rbp rbx rdi)
(r12 r13 r14 r15 rax rbp rbx)
(r12 r13 r14 r15 rax rbp rbx)
(%is_prime r12 r13 r14 r15 rbp rbx)
(r12 r13 r14 r15 rbp rbx rdi)
(r12 r13 r14 r15 rbp rbx)
(%number r12 r13 r14 r15 rbp rbx)
(r12 r13 r14 r15 rbp rbx rdi)
(r12 r13 r14 r15 rbp rbx rdi)
(r12 r13 r14 r15 rax rbp rbx)
(r12 r13 r14 r15 rax rbp rbx)
(%is_prime r12 r13 r14 r15 rbp rbx)
(r12 r13 r14 r15 rbp rbx rdi)
(r12 r13 r14 r15 rbp rbx)
(%number r12 r13 r14 r15 rbp rbx)
(r12 r13 r14 r15 rbp rbx rdi)
(r12 r13 r14 r15 rbp rbx rdi)
(r12 r13 r14 r15 rax rbp rbx)
(r12 r13 r14 r15 rax rbp rbx)
(%is_prime r12 r13 r14 r15 rbp rbx)
(r12 r13 r14 r15 rbp rbx rdi)
(r12 r13 r14 r15 rax rbp rbx)
()
)

)
