(
(in
(r12 r13 r14 r15 rbp rbx)
(r12 r13 r14 r15 rbp rbx rdi)
(r12 r13 r14 r15 rbp rbx rdi rsi)
(r12 r13 r14 r15 rax rbp rbx)
(%arr r12 r13 r14 r15 rbp rbx)
(%arr r12 r13 r14 r15 rbp rbx)
(%arr r12 r13 r14 r15 rbp rbx)
(%arr r12 r13 r14 r15 rbp rbx)
(%arr r12 r13 r14 r15 rbp rbx)
(%arr r12 r13 r14 r15 rbp rbx)
(%arr r12 r13 r14 r15 rbp rbx)
(%arr r12 r13 r14 r15 rbp rbx)
(%arr r12 r13 r14 r15 rbp rbx)
(%arr r12 r13 r14 r15 rbp rbx)
(%arr r12 r13 r14 r15 rbp rbx)
(%arr r12 r13 r14 r15 rbp rbx rdi)
(%arr r12 r13 r14 r15 rbp rbx)
(%arr r12 r13 r14 r15 rbp rbx rdi)
(%arr r12 r13 r14 r15 rbp rbx rdi)
(%arr r12 r13 r14 r15 rax rbp rbx)
(%arr r12 r13 r14 r15 rax rbp rbx)
(%arr %max r12 r13 r14 r15 rbp rbx)
(%arr r12 r13 r14 r15 rbp rbx rdi)
(%arr r12 r13 r14 r15 rbp rbx)
(%arr r12 r13 r14 r15 rbp rbx rdi)
(%arr r12 r13 r14 r15 rbp rbx rdi)
(%arr r12 r13 r14 r15 rax rbp rbx)
(%arr r12 r13 r14 r15 rax rbp rbx)
(%arr %min r12 r13 r14 r15 rbp rbx)
(%arr r12 r13 r14 r15 rbp rbx rdi)
(%arr r12 r13 r14 r15 rbp rbx)
(r12 r13 r14 r15 rbp rbx rdi)
(r12 r13 r14 r15 rbp rbx rdi)
(r12 r13 r14 r15 rax rbp rbx)
(r12 r13 r14 r15 rax rbp rbx)
(r12 r13 r14 r15 rbp rbx %total)
(r12 r13 r14 r15 rbp rbx rdi)
(r12 r13 r14 r15 rax rbp rbx)
)

(out
(r12 r13 r14 r15 rbp rbx rdi)
(r12 r13 r14 r15 rbp rbx rdi rsi)
(r12 r13 r14 r15 rax rbp rbx)
(%arr r12 r13 r14 r15 rbp rbx)
(%arr r12 r13 r14 r15 rbp rbx)
(%arr r12 r13 r14 r15 rbp rbx)
(%arr r12 r13 r14 r15 rbp rbx)
(%arr r12 r13 r14 r15 rbp rbx)
(%arr r12 r13 r14 r15 rbp rbx)
(%arr r12 r13 r14 r15 rbp rbx)
(%arr r12 r13 r14 r15 rbp rbx)
(%arr r12 r13 r14 r15 rbp rbx)
(%arr r12 r13 r14 r15 rbp rbx)
(%arr r12 r13 r14 r15 rbp rbx)
(%arr r12 r13 r14 r15 rbp rbx rdi)
(%arr r12 r13 r14 r15 rbp rbx)
(%arr r12 r13 r14 r15 rbp rbx rdi)
(%arr r12 r13 r14 r15 rbp rbx rdi)
(%arr r12 r13 r14 r15 rax rbp rbx)
(%arr r12 r13 r14 r15 rax rbp rbx)
(%arr %max r12 r13 r14 r15 rbp rbx)
(%arr r12 r13 r14 r15 rbp rbx rdi)
(%arr r12 r13 r14 r15 rbp rbx)
(%arr r12 r13 r14 r15 rbp rbx rdi)
(%arr r12 r13 r14 r15 rbp rbx rdi)
(%arr r12 r13 r14 r15 rax rbp rbx)
(%arr r12 r13 r14 r15 rax rbp rbx)
(%arr %min r12 r13 r14 r15 rbp rbx)
(%arr r12 r13 r14 r15 rbp rbx rdi)
(%arr r12 r13 r14 r15 rbp rbx)
(r12 r13 r14 r15 rbp rbx rdi)
(r12 r13 r14 r15 rbp rbx rdi)
(r12 r13 r14 r15 rax rbp rbx)
(r12 r13 r14 r15 rax rbp rbx)
(r12 r13 r14 r15 rbp rbx %total)
(r12 r13 r14 r15 rbp rbx rdi)
(r12 r13 r14 r15 rax rbp rbx)
()
)

)
