(
(in
(r12 r13 r14 r15 rbp rbx rdi rsi)
(%A r12 r13 r14 r15 rbp rbx rsi)
(%A r12 r13 r14 r15 rbp rbx %v)
(%A r12 r13 r14 r15 rbp rbx %v)
(%found r12 r13 r14 r15 rbp rbx)
(%found r12 r13 r14 r15 rbp rbx)
(r12 r13 r14 r15 rax rbp rbx)
(r12 r13 r14 r15 rbp rbx)
(r12 r13 r14 r15 rbp rbx)
(%found r12 r13 r14 r15 rbp rbx)
(%A %found %i %j %k %length1 %length2 %length3 r12 r13 r14 r15 rbp rbx %v)
(%A %found %i %j %k %length1 %length2 %length3 r12 r13 r14 r15 rbp rbx %v)
(%A %check_index %found %i %j %k %length1 %length2 %length3 r12 r13 r14 r15 rbp rbx %v)
(%found r12 r13 r14 r15 rbp rbx)
(%A %found %i %j %k %length1 %length2 %length3 r12 r13 r14 r15 rbp rbx %v)
(%A %found %i %j %k %length1 %length2 %length3 r12 r13 r14 r15 rbp rbx %v)
(%A %check_index %found %i %j %k %length1 %length2 %length3 r12 r13 r14 r15 rbp rbx %v)
(%A %found %i %k %length1 %length2 %length3 r12 r13 r14 r15 rbp rbx %v)
(%A %found %i %k %length1 %length2 %length3 r12 r13 r14 r15 rbp rbx %v)
(%A %found %i %k %length1 %length2 %length3 r12 r13 r14 r15 rbp rbx %v)
(%A %found %i %k %length1 %length2 %length3 r12 r13 r14 r15 rbp rbx %v)
(%A %found %i %k %length1 %length2 %length3 r12 r13 r14 r15 rbp rbx %v)
(%A %found %i %k %length1 %length2 %length3 r12 r13 r14 r15 rbp rbx %v)
(%A %found %i %j %k %length1 %length2 %length3 r12 r13 r14 r15 rbp rbx %v)
(%A %found %i %j %k %length1 %length2 %length3 r12 r13 r14 r15 rbp rbx %v)
(%A %found %i %j %k %length1 %length2 %length3 r12 r13 r14 r15 rbp rbx %v)
(%A %check_index %found %i %j %k %length1 %length2 %length3 r12 r13 r14 r15 rbp rbx %v)
(%A %found %i %j %length1 %length2 %length3 r12 r13 r14 r15 rbp rbx %v)
(%A %found %i %j %length1 %length2 %length3 r12 r13 r14 r15 rbp rbx %v)
(%A %found %i %j %length1 %length2 %length3 r12 r13 r14 r15 rbp rbx %v)
(%A %found %i %j %length1 %length2 %length3 r12 r13 r14 r15 rbp rbx %v)
(%A %found %i %j %length1 %length2 %length3 r12 r13 r14 r15 rbp rbx %v)
(%A %found %i %j %length1 %length2 %length3 r12 r13 r14 r15 rbp rbx %v)
(%A %found %i %j %k %length1 %length2 %length3 r12 r13 r14 r15 rbp rbx %v)
(%A %found %i %j %k %length1 %length2 %length3 r12 r13 r14 r15 rbp rbx %v)
(%A %found %i %j %k %length1 %length2 %length3 r12 r13 r14 r15 rbp rbx %v)
(%A %found %i %j %k %length1 %length2 %length3 %newVar1 r12 r13 r14 r15 rbp rbx %v)
(%A %found %i %j %k %length1 %length2 %length3 %newVar1 %newVar2 r12 r13 r14 r15 rbp rbx %v)
(%A %found %i %j %k %length1 %length2 %length3 %newVar1 %newVar2 r12 r13 r14 r15 rbp rbx %v)
(%A %found %i %j %k %length1 %length2 %length3 %newVar1 %newVar3 r12 r13 r14 r15 rbp rbx %v)
(%A %found %i %j %k %length1 %length2 %length3 %newVar1 %newVar4 r12 r13 r14 r15 rbp rbx %v)
(%A %found %i %j %k %length1 %length2 %length3 %newVar1 %newVar4 r12 r13 r14 r15 rbp rbx %v)
(%A %found %i %j %k %length1 %length2 %length3 %newVar1 %newVar4 %newVar5 r12 r13 r14 r15 rbp rbx %v)
(%A %found %i %j %k %length1 %length2 %length3 %newVar1 %newVar4 %newVar5 r12 r13 r14 r15 rbp rbx %v)
(%A %found %i %j %k %length1 %length2 %length3 %newVar1 %newVar4 %newVar6 r12 r13 r14 r15 rbp rbx %v)
(%A %found %i %j %k %length1 %length2 %length3 %newVar1 %newVar4 %newVar7 r12 r13 r14 r15 rbp rbx %v)
(%A %found %i %j %k %length1 %length2 %length3 %newVar1 %newVar4 %newVar7 r12 r13 r14 r15 rbp rbx %v)
(%A %found %i %j %k %length1 %length2 %length3 %newVar1 %newVar4 %newVar7 %newVar8 r12 r13 r14 r15 rbp rbx %v)
(%A %found %i %j %k %length1 %length2 %length3 %newVar1 %newVar4 %newVar8 r12 r13 r14 r15 rbp rbx %v)
(%A %found %i %j %k %length1 %length2 %length3 %newVar1 %newVar4 %newVar8 %newVar9 r12 r13 r14 r15 rbp rbx %v)
(%A %found %i %j %k %length1 %length2 %length3 %newVar1 %newVar4 %newVar8 %newVar9 r12 r13 r14 r15 rbp rbx %v)
(%A %found %i %j %k %length1 %length2 %length3 %newVar1 %newVar4 %newVar8 r12 r13 r14 r15 rbp rbx %v)
(%A %found %i %j %k %length1 %length2 %length3 %newVar1 %newVar8 r12 r13 r14 r15 rbp rbx %v)
(%A %found %i %j %k %length1 %length2 %length3 %newVar1 %newVar10 %newVar8 r12 r13 r14 r15 rbp rbx %v)
(%A %found %i %j %k %length1 %length2 %length3 %newVar1 %newVar10 r12 r13 r14 r15 rbp rbx %v)
(%A %found %i %j %k %length1 %length2 %length3 %newVar1 r12 r13 r14 r15 rbp rbx %v)
(%A %found %i %j %k %length1 %length2 %length3 %newVar1 r12 r13 r14 r15 rbp rbx %v)
(%A %found %i %j %k %length1 %length2 %length3 %newVar0 r12 r13 r14 r15 rbp rbx %v)
(%A %found %i %j %k %length1 %length2 %length3 %newVar0 r12 r13 r14 r15 rbp rbx %v)
(%A %found %i %j %k %length1 %length2 %length3 %newVar0 r12 r13 r14 r15 rbp rbx %v)
(%A %found %i %j %k %length1 %length2 %length3 %newVar0 %newVar11 r12 r13 r14 r15 rbp rbx %v)
(%A %found %i %j %k %length1 %length2 %length3 %newVar11 r12 r13 r14 r15 rbp rbx %v)
(%A %check_value %found %i %j %k %length1 %length2 %length3 r12 r13 r14 r15 rbp rbx %v)
(%A %equal %found %i %j %k %length1 %length2 %length3 r12 r13 r14 r15 rbp rbx %v)
(%A %found %i %j %k %length1 %length2 %length3 r12 r13 r14 r15 rbp rbx %v)
(%A %found %i %j %k %length1 %length2 %length3 r12 r13 r14 r15 rbp rbx %v)
(%A %found %i %j %k %length1 %length2 %length3 r12 r13 r14 r15 rbp rbx %v)
(%A %found %i %j %k %length1 %length2 %length3 r12 r13 r14 r15 rbp rbx %v)
(%A %length1 %length2 %length3 r12 r13 r14 r15 rbp rbx %v)
(%A %length1 %length2 %length3 r12 r13 r14 r15 rbp rbx %v)
(%A %found %length1 %length2 %length3 r12 r13 r14 r15 rbp rbx %v)
(%A %found %i %length1 %length2 %length3 r12 r13 r14 r15 rbp rbx %v)
(%A %found %i %j %length1 %length2 %length3 r12 r13 r14 r15 rbp rbx %v)
(%A %found %i %j %k %length1 %length2 %length3 r12 r13 r14 r15 rbp rbx %v)
(%A r12 r13 r14 r15 rbp rbx %v)
(%A r12 r13 r14 r15 rbp rbx %v)
(%A %newVar12 r12 r13 r14 r15 rbp rbx %v)
(%A %newVar12 r12 r13 r14 r15 rbp rbx %v)
(%A %newVar13 r12 r13 r14 r15 rbp rbx %v)
(%A %newVar13 r12 r13 r14 r15 rbp rbx %v)
(%A %newVar13 %newVar14 r12 r13 r14 r15 rbp rbx %v)
(%A %newVar14 r12 r13 r14 r15 rbp rbx %v)
(%A %length1 r12 r13 r14 r15 rbp rbx %v)
(%A %length1 r12 r13 r14 r15 rbp rbx rdi %v)
(%A %length1 r12 r13 r14 r15 rbp rbx %v)
(%A %length1 r12 r13 r14 r15 rbp rbx %v)
(%A %length1 %newVar15 r12 r13 r14 r15 rbp rbx %v)
(%A %length1 %newVar15 r12 r13 r14 r15 rbp rbx %v)
(%A %length1 %newVar16 r12 r13 r14 r15 rbp rbx %v)
(%A %length1 %newVar16 r12 r13 r14 r15 rbp rbx %v)
(%A %length1 %newVar16 %newVar17 r12 r13 r14 r15 rbp rbx %v)
(%A %length1 %newVar17 r12 r13 r14 r15 rbp rbx %v)
(%A %length1 %length2 r12 r13 r14 r15 rbp rbx %v)
(%A %length1 %length2 r12 r13 r14 r15 rbp rbx rdi %v)
(%A %length1 %length2 r12 r13 r14 r15 rbp rbx %v)
(%A %length1 %length2 r12 r13 r14 r15 rbp rbx %v)
(%A %length1 %length2 %newVar18 r12 r13 r14 r15 rbp rbx %v)
(%A %length1 %length2 %newVar18 r12 r13 r14 r15 rbp rbx %v)
(%A %length1 %length2 %newVar19 r12 r13 r14 r15 rbp rbx %v)
(%A %length1 %length2 %newVar19 r12 r13 r14 r15 rbp rbx %v)
(%A %length1 %length2 %newVar19 %newVar20 r12 r13 r14 r15 rbp rbx %v)
(%A %length1 %length2 %newVar20 r12 r13 r14 r15 rbp rbx %v)
(%A %length1 %length2 %length3 r12 r13 r14 r15 rbp rbx %v)
(%A %length1 %length2 %length3 r12 r13 r14 r15 rbp rbx rdi %v)
(%A %length1 %length2 %length3 r12 r13 r14 r15 rbp rbx %v)
(%A %length1 %length2 %length3 r12 r13 r14 r15 rbp rbx %v)
)

(out
(%A r12 r13 r14 r15 rbp rbx rsi)
(%A r12 r13 r14 r15 rbp rbx %v)
(%A r12 r13 r14 r15 rbp rbx %v)
(%A r12 r13 r14 r15 rbp rbx %v)
(%found r12 r13 r14 r15 rbp rbx)
(r12 r13 r14 r15 rax rbp rbx)
()
(r12 r13 r14 r15 rbp rbx)
(%found r12 r13 r14 r15 rbp rbx)
(%found r12 r13 r14 r15 rbp rbx)
(%A %found %i %j %k %length1 %length2 %length3 r12 r13 r14 r15 rbp rbx %v)
(%A %check_index %found %i %j %k %length1 %length2 %length3 r12 r13 r14 r15 rbp rbx %v)
(%A %found %i %j %k %length1 %length2 %length3 r12 r13 r14 r15 rbp rbx %v)
(%found r12 r13 r14 r15 rbp rbx)
(%A %found %i %j %k %length1 %length2 %length3 r12 r13 r14 r15 rbp rbx %v)
(%A %check_index %found %i %j %k %length1 %length2 %length3 r12 r13 r14 r15 rbp rbx %v)
(%A %found %i %j %k %length1 %length2 %length3 r12 r13 r14 r15 rbp rbx %v)
(%A %found %i %k %length1 %length2 %length3 r12 r13 r14 r15 rbp rbx %v)
(%A %found %i %k %length1 %length2 %length3 r12 r13 r14 r15 rbp rbx %v)
(%A %found %i %k %length1 %length2 %length3 r12 r13 r14 r15 rbp rbx %v)
(%A %found %i %k %length1 %length2 %length3 r12 r13 r14 r15 rbp rbx %v)
(%A %found %i %k %length1 %length2 %length3 r12 r13 r14 r15 rbp rbx %v)
(%A %found %i %j %k %length1 %length2 %length3 r12 r13 r14 r15 rbp rbx %v)
(%A %found %i %j %k %length1 %length2 %length3 r12 r13 r14 r15 rbp rbx %v)
(%A %found %i %j %k %length1 %length2 %length3 r12 r13 r14 r15 rbp rbx %v)
(%A %check_index %found %i %j %k %length1 %length2 %length3 r12 r13 r14 r15 rbp rbx %v)
(%A %found %i %j %k %length1 %length2 %length3 r12 r13 r14 r15 rbp rbx %v)
(%A %found %i %j %length1 %length2 %length3 r12 r13 r14 r15 rbp rbx %v)
(%A %found %i %j %length1 %length2 %length3 r12 r13 r14 r15 rbp rbx %v)
(%A %found %i %j %length1 %length2 %length3 r12 r13 r14 r15 rbp rbx %v)
(%A %found %i %j %length1 %length2 %length3 r12 r13 r14 r15 rbp rbx %v)
(%A %found %i %j %length1 %length2 %length3 r12 r13 r14 r15 rbp rbx %v)
(%A %found %i %j %k %length1 %length2 %length3 r12 r13 r14 r15 rbp rbx %v)
(%A %found %i %j %k %length1 %length2 %length3 r12 r13 r14 r15 rbp rbx %v)
(%A %found %i %j %k %length1 %length2 %length3 r12 r13 r14 r15 rbp rbx %v)
(%A %found %i %j %k %length1 %length2 %length3 %newVar1 r12 r13 r14 r15 rbp rbx %v)
(%A %found %i %j %k %length1 %length2 %length3 %newVar1 %newVar2 r12 r13 r14 r15 rbp rbx %v)
(%A %found %i %j %k %length1 %length2 %length3 %newVar1 %newVar2 r12 r13 r14 r15 rbp rbx %v)
(%A %found %i %j %k %length1 %length2 %length3 %newVar1 %newVar3 r12 r13 r14 r15 rbp rbx %v)
(%A %found %i %j %k %length1 %length2 %length3 %newVar1 %newVar4 r12 r13 r14 r15 rbp rbx %v)
(%A %found %i %j %k %length1 %length2 %length3 %newVar1 %newVar4 r12 r13 r14 r15 rbp rbx %v)
(%A %found %i %j %k %length1 %length2 %length3 %newVar1 %newVar4 %newVar5 r12 r13 r14 r15 rbp rbx %v)
(%A %found %i %j %k %length1 %length2 %length3 %newVar1 %newVar4 %newVar5 r12 r13 r14 r15 rbp rbx %v)
(%A %found %i %j %k %length1 %length2 %length3 %newVar1 %newVar4 %newVar6 r12 r13 r14 r15 rbp rbx %v)
(%A %found %i %j %k %length1 %length2 %length3 %newVar1 %newVar4 %newVar7 r12 r13 r14 r15 rbp rbx %v)
(%A %found %i %j %k %length1 %length2 %length3 %newVar1 %newVar4 %newVar7 r12 r13 r14 r15 rbp rbx %v)
(%A %found %i %j %k %length1 %length2 %length3 %newVar1 %newVar4 %newVar7 %newVar8 r12 r13 r14 r15 rbp rbx %v)
(%A %found %i %j %k %length1 %length2 %length3 %newVar1 %newVar4 %newVar8 r12 r13 r14 r15 rbp rbx %v)
(%A %found %i %j %k %length1 %length2 %length3 %newVar1 %newVar4 %newVar8 %newVar9 r12 r13 r14 r15 rbp rbx %v)
(%A %found %i %j %k %length1 %length2 %length3 %newVar1 %newVar4 %newVar8 %newVar9 r12 r13 r14 r15 rbp rbx %v)
(%A %found %i %j %k %length1 %length2 %length3 %newVar1 %newVar4 %newVar8 r12 r13 r14 r15 rbp rbx %v)
(%A %found %i %j %k %length1 %length2 %length3 %newVar1 %newVar8 r12 r13 r14 r15 rbp rbx %v)
(%A %found %i %j %k %length1 %length2 %length3 %newVar1 %newVar10 %newVar8 r12 r13 r14 r15 rbp rbx %v)
(%A %found %i %j %k %length1 %length2 %length3 %newVar1 %newVar10 r12 r13 r14 r15 rbp rbx %v)
(%A %found %i %j %k %length1 %length2 %length3 %newVar1 r12 r13 r14 r15 rbp rbx %v)
(%A %found %i %j %k %length1 %length2 %length3 %newVar1 r12 r13 r14 r15 rbp rbx %v)
(%A %found %i %j %k %length1 %length2 %length3 %newVar0 r12 r13 r14 r15 rbp rbx %v)
(%A %found %i %j %k %length1 %length2 %length3 %newVar0 r12 r13 r14 r15 rbp rbx %v)
(%A %found %i %j %k %length1 %length2 %length3 %newVar0 r12 r13 r14 r15 rbp rbx %v)
(%A %found %i %j %k %length1 %length2 %length3 %newVar0 %newVar11 r12 r13 r14 r15 rbp rbx %v)
(%A %found %i %j %k %length1 %length2 %length3 %newVar11 r12 r13 r14 r15 rbp rbx %v)
(%A %check_value %found %i %j %k %length1 %length2 %length3 r12 r13 r14 r15 rbp rbx %v)
(%A %equal %found %i %j %k %length1 %length2 %length3 r12 r13 r14 r15 rbp rbx %v)
(%A %found %i %j %k %length1 %length2 %length3 r12 r13 r14 r15 rbp rbx %v)
(%A %found %i %j %k %length1 %length2 %length3 r12 r13 r14 r15 rbp rbx %v)
(%A %found %i %j %k %length1 %length2 %length3 r12 r13 r14 r15 rbp rbx %v)
(%A %found %i %j %k %length1 %length2 %length3 r12 r13 r14 r15 rbp rbx %v)
(%A %found %i %j %k %length1 %length2 %length3 r12 r13 r14 r15 rbp rbx %v)
(%A %length1 %length2 %length3 r12 r13 r14 r15 rbp rbx %v)
(%A %found %length1 %length2 %length3 r12 r13 r14 r15 rbp rbx %v)
(%A %found %i %length1 %length2 %length3 r12 r13 r14 r15 rbp rbx %v)
(%A %found %i %j %length1 %length2 %length3 r12 r13 r14 r15 rbp rbx %v)
(%A %found %i %j %k %length1 %length2 %length3 r12 r13 r14 r15 rbp rbx %v)
(%A %found %i %j %k %length1 %length2 %length3 r12 r13 r14 r15 rbp rbx %v)
(%A r12 r13 r14 r15 rbp rbx %v)
(%A %newVar12 r12 r13 r14 r15 rbp rbx %v)
(%A %newVar12 r12 r13 r14 r15 rbp rbx %v)
(%A %newVar13 r12 r13 r14 r15 rbp rbx %v)
(%A %newVar13 r12 r13 r14 r15 rbp rbx %v)
(%A %newVar13 %newVar14 r12 r13 r14 r15 rbp rbx %v)
(%A %newVar14 r12 r13 r14 r15 rbp rbx %v)
(%A %length1 r12 r13 r14 r15 rbp rbx %v)
(%A %length1 r12 r13 r14 r15 rbp rbx rdi %v)
(%A %length1 r12 r13 r14 r15 rbp rbx %v)
(%A %length1 r12 r13 r14 r15 rbp rbx %v)
(%A %length1 %newVar15 r12 r13 r14 r15 rbp rbx %v)
(%A %length1 %newVar15 r12 r13 r14 r15 rbp rbx %v)
(%A %length1 %newVar16 r12 r13 r14 r15 rbp rbx %v)
(%A %length1 %newVar16 r12 r13 r14 r15 rbp rbx %v)
(%A %length1 %newVar16 %newVar17 r12 r13 r14 r15 rbp rbx %v)
(%A %length1 %newVar17 r12 r13 r14 r15 rbp rbx %v)
(%A %length1 %length2 r12 r13 r14 r15 rbp rbx %v)
(%A %length1 %length2 r12 r13 r14 r15 rbp rbx rdi %v)
(%A %length1 %length2 r12 r13 r14 r15 rbp rbx %v)
(%A %length1 %length2 r12 r13 r14 r15 rbp rbx %v)
(%A %length1 %length2 %newVar18 r12 r13 r14 r15 rbp rbx %v)
(%A %length1 %length2 %newVar18 r12 r13 r14 r15 rbp rbx %v)
(%A %length1 %length2 %newVar19 r12 r13 r14 r15 rbp rbx %v)
(%A %length1 %length2 %newVar19 r12 r13 r14 r15 rbp rbx %v)
(%A %length1 %length2 %newVar19 %newVar20 r12 r13 r14 r15 rbp rbx %v)
(%A %length1 %length2 %newVar20 r12 r13 r14 r15 rbp rbx %v)
(%A %length1 %length2 %length3 r12 r13 r14 r15 rbp rbx %v)
(%A %length1 %length2 %length3 r12 r13 r14 r15 rbp rbx rdi %v)
(%A %length1 %length2 %length3 r12 r13 r14 r15 rbp rbx %v)
(%A %length1 %length2 %length3 r12 r13 r14 r15 rbp rbx %v)
(%A %length1 %length2 %length3 r12 r13 r14 r15 rbp rbx %v)
)

)
