(
(in
(r12 r13 r14 r15 rax rbp rbx rdi rdx rsi)
(%p1 r12 r13 r14 r15 rax rbp rbx rdx rsi)
(%p1 %p2 r12 r13 r14 r15 rax rbp rbx rdx)
(%m %p1 %p2 r12 r13 r14 r15 rax rbp rbx)
(%c1 %m %p2 r12 r13 r14 r15 rax rbp rbx)
(%c1 %c2 %m r12 r13 r14 r15 rax rbp rbx)
(%c1 %c2 %index %m r12 r13 r14 r15 rax rbp rbx)
(%c1 %c2 %index %m r12 r13 r14 r15 rax rbp rbx)
(%c1 %c2 %index %m r12 r13 r14 r15 rax rbp rbx %val)
(%c1 %c2 %index %m r12 r13 r14 r15 rax rbp rbx %val)
(%c1 %c2 %index %m r12 r13 r14 r15 rax rbp rbx %val)
(%c1 %c2 %index %m r12 r13 r14 r15 rax rbp rbx %val)
(%c1 %c2 %index %m r12 r13 r14 r15 rax rbp rbx %val)
(%c1 %c2 %index %m r12 r13 r14 r15 rax rbp rbx %val)
(%c1 %c2 %index %m r12 r13 r14 r15 rax rbp rbx)
(%c1 %c2 %index %m r12 r13 r14 r15 rax rbp rbx)
(%c1 %c2 %index %m r12 r13 r14 r15 rax rbp rbx)
(%c1 %c2 %check %index %m r12 r13 r14 r15 rax rbp rbx)
(%c1 %c2 %check %index %m r12 r13 r14 r15 rax rbp rbx)
(%c1 %c2 %index %m r12 r13 r14 r15 rax rbp rbx)
(r12 r13 r14 r15 rax rbp rbx)
(r12 r13 r14 r15 rax rbp rbx)
)

(out
(%p1 r12 r13 r14 r15 rax rbp rbx rdx rsi)
(%p1 %p2 r12 r13 r14 r15 rax rbp rbx rdx)
(%m %p1 %p2 r12 r13 r14 r15 rax rbp rbx)
(%c1 %m %p2 r12 r13 r14 r15 rax rbp rbx)
(%c1 %c2 %m r12 r13 r14 r15 rax rbp rbx)
(%c1 %c2 %index %m r12 r13 r14 r15 rax rbp rbx)
(%c1 %c2 %index %m r12 r13 r14 r15 rax rbp rbx)
(%c1 %c2 %index %m r12 r13 r14 r15 rax rbp rbx %val)
(%c1 %c2 %index %m r12 r13 r14 r15 rax rbp rbx %val)
(%c1 %c2 %index %m r12 r13 r14 r15 rax rbp rbx %val)
(%c1 %c2 %index %m r12 r13 r14 r15 rax rbp rbx %val)
(%c1 %c2 %index %m r12 r13 r14 r15 rax rbp rbx %val)
(%c1 %c2 %index %m r12 r13 r14 r15 rax rbp rbx %val)
(%c1 %c2 %index %m r12 r13 r14 r15 rax rbp rbx)
(%c1 %c2 %index %m r12 r13 r14 r15 rax rbp rbx)
(%c1 %c2 %index %m r12 r13 r14 r15 rax rbp rbx)
(%c1 %c2 %check %index %m r12 r13 r14 r15 rax rbp rbx)
(%c1 %c2 %check %index %m r12 r13 r14 r15 rax rbp rbx)
(%c1 %c2 %index %m r12 r13 r14 r15 rax rbp rbx)
(%c1 %c2 %index %m r12 r13 r14 r15 rax rbp rbx)
(r12 r13 r14 r15 rax rbp rbx)
()
)

)
