(
(in
(r12 r13 r14 r15 rbp rbx)
(r12 r13 r14 r15 rbp rbx)
(r12 r13 r14 r15 rax rbp rbx)
(r12 r13 r14 r15 rax rbp rbx)
(%queue_ptr r12 r13 r14 r15 rbp rbx)
(%queue_ptr r12 r13 r14 r15 rbp rbx)
(%queue_ptr r12 r13 r14 r15 rax rbp rbx)
(%queue_ptr r12 r13 r14 r15 rax rbp rbx)
(%queue_ptr r12 r13 r14 r15 rbp rbx %stack_ptr)
(%fib_0 %queue_ptr r12 r13 r14 r15 rbp rbx %stack_ptr)
(%fib_0 %fib_1 %queue_ptr r12 r13 r14 r15 rbp rbx %stack_ptr)
(%fib_0 %fib_1 r12 r13 r14 r15 rbp rbx rdi %stack_ptr)
(%fib_0 %fib_1 r12 r13 r14 r15 rbp rbx rdi rsi %stack_ptr)
(%fib_0 %fib_1 r12 r13 r14 r15 rbp rbx rdi rsi %stack_ptr)
(%fib_0 %fib_1 r12 r13 r14 r15 rax rbp rbx %stack_ptr)
(%fib_0 %fib_1 r12 r13 r14 r15 rax rbp rbx %stack_ptr)
(%fib_0 %fib_1 %queue_ptr r12 r13 r14 r15 rbp rbx %stack_ptr)
(%fib_0 %fib_1 r12 r13 r14 r15 rbp rbx rdi %stack_ptr)
(%fib_0 %fib_1 r12 r13 r14 r15 rbp rbx rdi rsi %stack_ptr)
(%fib_0 %fib_1 r12 r13 r14 r15 rbp rbx rdi rsi %stack_ptr)
(%fib_0 %fib_1 r12 r13 r14 r15 rax rbp rbx %stack_ptr)
(%fib_0 %fib_1 r12 r13 r14 r15 rax rbp rbx %stack_ptr)
(%fib_0 %fib_1 %queue_ptr r12 r13 r14 r15 rbp rbx %stack_ptr)
(%fib_0 %fib_1 %queue_ptr r12 r13 r14 r15 rbp rbx rdi)
(%fib_0 %fib_1 %queue_ptr r12 r13 r14 r15 rbp rbx rdi rsi)
(%fib_0 %fib_1 %queue_ptr r12 r13 r14 r15 rbp rbx rdi rsi)
(%fib_0 %fib_1 %queue_ptr r12 r13 r14 r15 rax rbp rbx)
(%fib_0 %fib_1 %queue_ptr r12 r13 r14 r15 rax rbp rbx)
(%fib_0 %fib_1 %queue_ptr r12 r13 r14 r15 rbp rbx %stack_ptr)
(%fib_0 %fib_1 %queue_ptr r12 r13 r14 r15 rbp rbx rdi)
(%fib_0 %fib_1 %queue_ptr r12 r13 r14 r15 rbp rbx rdi rsi)
(%fib_0 %fib_1 %queue_ptr r12 r13 r14 r15 rbp rbx rdi rsi)
(%fib_0 %fib_1 %queue_ptr r12 r13 r14 r15 rax rbp rbx)
(%fib_0 %fib_1 %queue_ptr r12 r13 r14 r15 rax rbp rbx)
(%fib_0 %fib_1 %queue_ptr r12 r13 r14 r15 rbp rbx %stack_ptr)
(%count %fib_0 %fib_1 %queue_ptr r12 r13 r14 r15 rbp rbx %stack_ptr)
(%count %fib_0 %fib_1 %queue_ptr r12 r13 r14 r15 rbp rbx %stack_ptr)
(%count %fib_0 %fib_1 %queue_ptr r12 r13 r14 r15 rbp rbx %stack_ptr %temp)
(%count %fib_1 %queue_ptr r12 r13 r14 r15 rbp rbx rdi %stack_ptr %temp)
(%count %queue_ptr r12 r13 r14 r15 rbp rbx rdi rsi %stack_ptr %temp)
(%count %queue_ptr r12 r13 r14 r15 rbp rbx rdi rsi %stack_ptr %temp)
(%count %queue_ptr r12 r13 r14 r15 rax rbp rbx %stack_ptr %temp)
(%count %queue_ptr r12 r13 r14 r15 rax rbp rbx %stack_ptr %temp)
(%count %fib_1 %queue_ptr r12 r13 r14 r15 rbp rbx %stack_ptr %temp)
(%count %fib_0 %fib_1 %queue_ptr r12 r13 r14 r15 rbp rbx %stack_ptr)
(%count %fib_0 %fib_1 r12 r13 r14 r15 rbp rbx rdi %stack_ptr)
(%count %fib_0 %fib_1 r12 r13 r14 r15 rbp rbx rdi rsi %stack_ptr)
(%count %fib_0 %fib_1 r12 r13 r14 r15 rbp rbx rdi rsi %stack_ptr)
(%count %fib_0 %fib_1 r12 r13 r14 r15 rax rbp rbx %stack_ptr)
(%count %fib_0 %fib_1 r12 r13 r14 r15 rax rbp rbx %stack_ptr)
(%count %fib_0 %fib_1 %queue_ptr r12 r13 r14 r15 rbp rbx %stack_ptr)
(%count %fib_0 %fib_1 %queue_ptr r12 r13 r14 r15 rbp rbx rdi)
(%count %fib_0 %fib_1 %queue_ptr r12 r13 r14 r15 rbp rbx rdi rsi)
(%count %fib_0 %fib_1 %queue_ptr r12 r13 r14 r15 rbp rbx rdi rsi)
(%count %fib_0 %fib_1 %queue_ptr r12 r13 r14 r15 rax rbp rbx)
(%count %fib_0 %fib_1 %queue_ptr r12 r13 r14 r15 rax rbp rbx)
(%count %fib_0 %fib_1 %queue_ptr r12 r13 r14 r15 rbp rbx %stack_ptr)
(%count %fib_0 %fib_1 %queue_ptr r12 r13 r14 r15 rbp rbx %stack_ptr)
(%count %fib_0 %fib_1 %more_to_fib %queue_ptr r12 r13 r14 r15 rbp rbx %stack_ptr)
(%queue_ptr r12 r13 r14 r15 rbp rbx %stack_ptr)
(%queue_ptr r12 r13 r14 r15 rbp rbx %stack_ptr)
(%queue_ptr r12 r13 r14 r15 rbp rbx %stack_ptr)
(%queue_ptr r12 r13 r14 r15 rbp rbx rdi %stack_ptr)
(%queue_ptr r12 r13 r14 r15 rbp rbx %stack_ptr)
(%queue_ptr r12 r13 r14 r15 rbp rbx rdi %stack_ptr)
(%queue_ptr r12 r13 r14 r15 rbp rbx %stack_ptr)
(%queue_ptr r12 r13 r14 r15 rbp rbx %stack_ptr)
(r12 r13 r14 r15 rbp rbx rdi %stack_ptr)
(r12 r13 r14 r15 rbp rbx rdi %stack_ptr)
(r12 r13 r14 r15 rax rbp rbx %stack_ptr)
(r12 r13 r14 r15 rax rbp rbx %stack_ptr)
(%dequeue_package r12 r13 r14 r15 rbp rbx %stack_ptr)
(%dequeue_package r12 r13 r14 r15 rbp rbx rdi)
(%dequeue_package r12 r13 r14 r15 rbp rbx rdi)
(%dequeue_package r12 r13 r14 r15 rax rbp rbx)
(%dequeue_package r12 r13 r14 r15 rax rbp rbx)
(%dequeue_package r12 r13 r14 r15 rbp rbx %stack_pop_package)
(%dequeue_package %dequeueped_loc r12 r13 r14 r15 rbp rbx %stack_pop_package)
(%dequeue_package %dequeueped_loc r12 r13 r14 r15 rbp rbx %stack_pop_package)
(%dequeue_package %dequeueped_val r12 r13 r14 r15 rbp rbx %stack_pop_package)
(%dequeueped_queue_ptr_ptr %dequeueped_val r12 r13 r14 r15 rbp rbx %stack_pop_package)
(%dequeueped_queue_ptr_ptr %dequeueped_val r12 r13 r14 r15 rbp rbx %stack_pop_package)
(%dequeueped_val %queue_ptr r12 r13 r14 r15 rbp rbx %stack_pop_package)
(%queue_ptr r12 r13 r14 r15 rbp rbx rdi %stack_pop_package)
(%queue_ptr r12 r13 r14 r15 rbp rbx %stack_pop_package)
(%popped_loc %queue_ptr r12 r13 r14 r15 rbp rbx %stack_pop_package)
(%popped_loc %queue_ptr r12 r13 r14 r15 rbp rbx %stack_pop_package)
(%popped_val %queue_ptr r12 r13 r14 r15 rbp rbx %stack_pop_package)
(%queue_ptr r12 r13 r14 r15 rbp rbx rdi %stack_pop_package)
(%queue_ptr r12 r13 r14 r15 rbp rbx %stack_pop_package)
(%popped_stack_ptr_ptr %queue_ptr r12 r13 r14 r15 rbp rbx)
(%popped_stack_ptr_ptr %queue_ptr r12 r13 r14 r15 rbp rbx)
(%queue_ptr r12 r13 r14 r15 rbp rbx %stack_ptr)
(%queue_ptr r12 r13 r14 r15 rbp rbx %sevens %stack_ptr)
(%queue_ptr r12 r13 r14 r15 rbp rbx rdi %stack_ptr)
(%queue_ptr r12 r13 r14 r15 rbp rbx rdi %stack_ptr)
(%queue_ptr r12 r13 r14 r15 rax rbp rbx %stack_ptr)
(%queue_ptr r12 r13 r14 r15 rax rbp rbx %stack_ptr)
(%encoded_sevens %queue_ptr r12 r13 r14 r15 rbp rbx %stack_ptr)
(%queue_ptr r12 r13 r14 r15 rbp rbx rdi %stack_ptr)
(%queue_ptr r12 r13 r14 r15 rax rbp rbx %stack_ptr)
(%queue_ptr %queue_size r12 r13 r14 r15 rax rbp rbx %stack_ptr)
(%more_to_dequeue %queue_ptr r12 r13 r14 r15 rax rbp rbx %stack_ptr)
(r12 r13 r14 r15 rax rbp rbx)
(r12 r13 r14 r15 rax rbp rbx)
(r12 r13 r14 r15 rax rbp rbx)
)

(out
(r12 r13 r14 r15 rbp rbx)
(r12 r13 r14 r15 rax rbp rbx)
(r12 r13 r14 r15 rax rbp rbx)
(%queue_ptr r12 r13 r14 r15 rbp rbx)
(%queue_ptr r12 r13 r14 r15 rbp rbx)
(%queue_ptr r12 r13 r14 r15 rax rbp rbx)
(%queue_ptr r12 r13 r14 r15 rax rbp rbx)
(%queue_ptr r12 r13 r14 r15 rbp rbx %stack_ptr)
(%fib_0 %queue_ptr r12 r13 r14 r15 rbp rbx %stack_ptr)
(%fib_0 %fib_1 %queue_ptr r12 r13 r14 r15 rbp rbx %stack_ptr)
(%fib_0 %fib_1 r12 r13 r14 r15 rbp rbx rdi %stack_ptr)
(%fib_0 %fib_1 r12 r13 r14 r15 rbp rbx rdi rsi %stack_ptr)
(%fib_0 %fib_1 r12 r13 r14 r15 rbp rbx rdi rsi %stack_ptr)
(%fib_0 %fib_1 r12 r13 r14 r15 rax rbp rbx %stack_ptr)
(%fib_0 %fib_1 r12 r13 r14 r15 rax rbp rbx %stack_ptr)
(%fib_0 %fib_1 %queue_ptr r12 r13 r14 r15 rbp rbx %stack_ptr)
(%fib_0 %fib_1 r12 r13 r14 r15 rbp rbx rdi %stack_ptr)
(%fib_0 %fib_1 r12 r13 r14 r15 rbp rbx rdi rsi %stack_ptr)
(%fib_0 %fib_1 r12 r13 r14 r15 rbp rbx rdi rsi %stack_ptr)
(%fib_0 %fib_1 r12 r13 r14 r15 rax rbp rbx %stack_ptr)
(%fib_0 %fib_1 r12 r13 r14 r15 rax rbp rbx %stack_ptr)
(%fib_0 %fib_1 %queue_ptr r12 r13 r14 r15 rbp rbx %stack_ptr)
(%fib_0 %fib_1 %queue_ptr r12 r13 r14 r15 rbp rbx rdi)
(%fib_0 %fib_1 %queue_ptr r12 r13 r14 r15 rbp rbx rdi rsi)
(%fib_0 %fib_1 %queue_ptr r12 r13 r14 r15 rbp rbx rdi rsi)
(%fib_0 %fib_1 %queue_ptr r12 r13 r14 r15 rax rbp rbx)
(%fib_0 %fib_1 %queue_ptr r12 r13 r14 r15 rax rbp rbx)
(%fib_0 %fib_1 %queue_ptr r12 r13 r14 r15 rbp rbx %stack_ptr)
(%fib_0 %fib_1 %queue_ptr r12 r13 r14 r15 rbp rbx rdi)
(%fib_0 %fib_1 %queue_ptr r12 r13 r14 r15 rbp rbx rdi rsi)
(%fib_0 %fib_1 %queue_ptr r12 r13 r14 r15 rbp rbx rdi rsi)
(%fib_0 %fib_1 %queue_ptr r12 r13 r14 r15 rax rbp rbx)
(%fib_0 %fib_1 %queue_ptr r12 r13 r14 r15 rax rbp rbx)
(%fib_0 %fib_1 %queue_ptr r12 r13 r14 r15 rbp rbx %stack_ptr)
(%count %fib_0 %fib_1 %queue_ptr r12 r13 r14 r15 rbp rbx %stack_ptr)
(%count %fib_0 %fib_1 %queue_ptr r12 r13 r14 r15 rbp rbx %stack_ptr)
(%count %fib_0 %fib_1 %queue_ptr r12 r13 r14 r15 rbp rbx %stack_ptr %temp)
(%count %fib_1 %queue_ptr r12 r13 r14 r15 rbp rbx rdi %stack_ptr %temp)
(%count %queue_ptr r12 r13 r14 r15 rbp rbx rdi rsi %stack_ptr %temp)
(%count %queue_ptr r12 r13 r14 r15 rbp rbx rdi rsi %stack_ptr %temp)
(%count %queue_ptr r12 r13 r14 r15 rax rbp rbx %stack_ptr %temp)
(%count %queue_ptr r12 r13 r14 r15 rax rbp rbx %stack_ptr %temp)
(%count %fib_1 %queue_ptr r12 r13 r14 r15 rbp rbx %stack_ptr %temp)
(%count %fib_0 %fib_1 %queue_ptr r12 r13 r14 r15 rbp rbx %stack_ptr)
(%count %fib_0 %fib_1 r12 r13 r14 r15 rbp rbx rdi %stack_ptr)
(%count %fib_0 %fib_1 r12 r13 r14 r15 rbp rbx rdi rsi %stack_ptr)
(%count %fib_0 %fib_1 r12 r13 r14 r15 rbp rbx rdi rsi %stack_ptr)
(%count %fib_0 %fib_1 r12 r13 r14 r15 rax rbp rbx %stack_ptr)
(%count %fib_0 %fib_1 r12 r13 r14 r15 rax rbp rbx %stack_ptr)
(%count %fib_0 %fib_1 %queue_ptr r12 r13 r14 r15 rbp rbx %stack_ptr)
(%count %fib_0 %fib_1 %queue_ptr r12 r13 r14 r15 rbp rbx rdi)
(%count %fib_0 %fib_1 %queue_ptr r12 r13 r14 r15 rbp rbx rdi rsi)
(%count %fib_0 %fib_1 %queue_ptr r12 r13 r14 r15 rbp rbx rdi rsi)
(%count %fib_0 %fib_1 %queue_ptr r12 r13 r14 r15 rax rbp rbx)
(%count %fib_0 %fib_1 %queue_ptr r12 r13 r14 r15 rax rbp rbx)
(%count %fib_0 %fib_1 %queue_ptr r12 r13 r14 r15 rbp rbx %stack_ptr)
(%count %fib_0 %fib_1 %queue_ptr r12 r13 r14 r15 rbp rbx %stack_ptr)
(%count %fib_0 %fib_1 %more_to_fib %queue_ptr r12 r13 r14 r15 rbp rbx %stack_ptr)
(%count %fib_0 %fib_1 %queue_ptr r12 r13 r14 r15 rbp rbx %stack_ptr)
(%queue_ptr r12 r13 r14 r15 rbp rbx %stack_ptr)
(%queue_ptr r12 r13 r14 r15 rbp rbx %stack_ptr)
(%queue_ptr r12 r13 r14 r15 rbp rbx rdi %stack_ptr)
(%queue_ptr r12 r13 r14 r15 rbp rbx %stack_ptr)
(%queue_ptr r12 r13 r14 r15 rbp rbx rdi %stack_ptr)
(%queue_ptr r12 r13 r14 r15 rbp rbx %stack_ptr)
(%queue_ptr r12 r13 r14 r15 rbp rbx %stack_ptr)
(r12 r13 r14 r15 rbp rbx rdi %stack_ptr)
(r12 r13 r14 r15 rbp rbx rdi %stack_ptr)
(r12 r13 r14 r15 rax rbp rbx %stack_ptr)
(r12 r13 r14 r15 rax rbp rbx %stack_ptr)
(%dequeue_package r12 r13 r14 r15 rbp rbx %stack_ptr)
(%dequeue_package r12 r13 r14 r15 rbp rbx rdi)
(%dequeue_package r12 r13 r14 r15 rbp rbx rdi)
(%dequeue_package r12 r13 r14 r15 rax rbp rbx)
(%dequeue_package r12 r13 r14 r15 rax rbp rbx)
(%dequeue_package r12 r13 r14 r15 rbp rbx %stack_pop_package)
(%dequeue_package %dequeueped_loc r12 r13 r14 r15 rbp rbx %stack_pop_package)
(%dequeue_package %dequeueped_loc r12 r13 r14 r15 rbp rbx %stack_pop_package)
(%dequeue_package %dequeueped_val r12 r13 r14 r15 rbp rbx %stack_pop_package)
(%dequeueped_queue_ptr_ptr %dequeueped_val r12 r13 r14 r15 rbp rbx %stack_pop_package)
(%dequeueped_queue_ptr_ptr %dequeueped_val r12 r13 r14 r15 rbp rbx %stack_pop_package)
(%dequeueped_val %queue_ptr r12 r13 r14 r15 rbp rbx %stack_pop_package)
(%queue_ptr r12 r13 r14 r15 rbp rbx rdi %stack_pop_package)
(%queue_ptr r12 r13 r14 r15 rbp rbx %stack_pop_package)
(%popped_loc %queue_ptr r12 r13 r14 r15 rbp rbx %stack_pop_package)
(%popped_loc %queue_ptr r12 r13 r14 r15 rbp rbx %stack_pop_package)
(%popped_val %queue_ptr r12 r13 r14 r15 rbp rbx %stack_pop_package)
(%queue_ptr r12 r13 r14 r15 rbp rbx rdi %stack_pop_package)
(%queue_ptr r12 r13 r14 r15 rbp rbx %stack_pop_package)
(%popped_stack_ptr_ptr %queue_ptr r12 r13 r14 r15 rbp rbx)
(%popped_stack_ptr_ptr %queue_ptr r12 r13 r14 r15 rbp rbx)
(%queue_ptr r12 r13 r14 r15 rbp rbx %stack_ptr)
(%queue_ptr r12 r13 r14 r15 rbp rbx %sevens %stack_ptr)
(%queue_ptr r12 r13 r14 r15 rbp rbx rdi %stack_ptr)
(%queue_ptr r12 r13 r14 r15 rbp rbx rdi %stack_ptr)
(%queue_ptr r12 r13 r14 r15 rax rbp rbx %stack_ptr)
(%queue_ptr r12 r13 r14 r15 rax rbp rbx %stack_ptr)
(%encoded_sevens %queue_ptr r12 r13 r14 r15 rbp rbx %stack_ptr)
(%queue_ptr r12 r13 r14 r15 rbp rbx rdi %stack_ptr)
(%queue_ptr r12 r13 r14 r15 rax rbp rbx %stack_ptr)
(%queue_ptr %queue_size r12 r13 r14 r15 rax rbp rbx %stack_ptr)
(%more_to_dequeue %queue_ptr r12 r13 r14 r15 rax rbp rbx %stack_ptr)
(%queue_ptr r12 r13 r14 r15 rax rbp rbx %stack_ptr)
(r12 r13 r14 r15 rax rbp rbx)
(r12 r13 r14 r15 rax rbp rbx)
()
)

)
