(
(in
(r12 r13 r14 r15 rax rbp rbx rdi)
(%jennysNumber r12 r13 r14 r15 rax rbp rbx)
(%count %jennysNumber r12 r13 r14 r15 rax rbp rbx)
(%count %jennysNumber r12 r13 r14 r15 rax rbp rbx)
(%compVal %count %jennysNumber r12 r13 r14 r15 rax rbp rbx)
(%count %jennysNumber r12 r13 r14 r15 rbp rbx)
(%count %jennysNumber r12 r13 r14 r15 rbp rbx)
(%count %jennysNumber r12 r13 r14 r15 rbp rbx)
(%count %jennysNumber %number r12 r13 r14 r15 rbp rbx)
(%count %jennysNumber %number r12 r13 r14 r15 rbp rbx)
(%count %jennysNumber %number r12 r13 r14 r15 rbp rbx)
(%count %jennysNumber r12 r13 r14 r15 rbp rbx rdi)
(%count %jennysNumber r12 r13 r14 r15 rax rbp rbx)
(%count %jennysNumber r12 r13 r14 r15 rax rbp rbx)
(%count %jennysNumber r12 r13 r14 r15 rax rbp rbx)
(r12 r13 r14 r15 rax rbp rbx)
(r12 r13 r14 r15 rax rbp rbx)
)

(out
(%jennysNumber r12 r13 r14 r15 rax rbp rbx)
(%count %jennysNumber r12 r13 r14 r15 rax rbp rbx)
(%count %jennysNumber r12 r13 r14 r15 rax rbp rbx)
(%compVal %count %jennysNumber r12 r13 r14 r15 rax rbp rbx)
(%count %jennysNumber r12 r13 r14 r15 rax rbp rbx)
(%count %jennysNumber r12 r13 r14 r15 rbp rbx)
(%count %jennysNumber r12 r13 r14 r15 rbp rbx)
(%count %jennysNumber %number r12 r13 r14 r15 rbp rbx)
(%count %jennysNumber %number r12 r13 r14 r15 rbp rbx)
(%count %jennysNumber %number r12 r13 r14 r15 rbp rbx)
(%count %jennysNumber r12 r13 r14 r15 rbp rbx rdi)
(%count %jennysNumber r12 r13 r14 r15 rax rbp rbx)
(%count %jennysNumber r12 r13 r14 r15 rax rbp rbx)
(%count %jennysNumber r12 r13 r14 r15 rax rbp rbx)
(%count %jennysNumber r12 r13 r14 r15 rax rbp rbx)
(r12 r13 r14 r15 rax rbp rbx)
()
)

)
