(
(in
(r12 r13 r14 r15 rbp rbx rdi rsi)
(%arr r12 r13 r14 r15 rbp rbx rsi)
(%arr %len r12 r13 r14 r15 rbp rbx)
(%arr %len r12 r13 r14 r15 rbp rbx)
(%arr %len %max r12 r13 r14 r15 rbp rbx)
(%arr %ind %len %max r12 r13 r14 r15 rbp rbx)
(%arr %ind %len %max r12 r13 r14 r15 rbp rbx)
(%arr %ind %len %max r12 r13 r14 r15 rbp rbx)
(%arr %ind %len %loopEnded %max r12 r13 r14 r15 rbp rbx)
(%arr %ind %len %max r12 r13 r14 r15 rbp rbx)
(%arr %ind %len %max r12 r13 r14 r15 rbp rbx)
(%arr %ind %len %max r12 r13 r14 r15 rbp rbx)
(%arr %ind %len %max %newVar1 r12 r13 r14 r15 rbp rbx)
(%arr %ind %len %max %newVar1 r12 r13 r14 r15 rbp rbx)
(%arr %ind %len %max %newVar0 r12 r13 r14 r15 rbp rbx)
(%arr %ind %len %max %newVar0 r12 r13 r14 r15 rbp rbx)
(%arr %ind %len %max %newVar0 r12 r13 r14 r15 rbp rbx)
(%arr %ind %len %max %newVar0 %newVar3 r12 r13 r14 r15 rbp rbx)
(%arr %ind %len %max %newVar3 r12 r13 r14 r15 rbp rbx)
(%arr %cur %ind %len %max r12 r13 r14 r15 rbp rbx)
(%arr %cur %ind %len %max %notMax r12 r13 r14 r15 rbp rbx)
(%arr %cur %ind %len r12 r13 r14 r15 rbp rbx)
(%arr %cur %ind %len r12 r13 r14 r15 rbp rbx)
(%arr %cur %ind %len r12 r13 r14 r15 rbp rbx)
(%arr %ind %len %max r12 r13 r14 r15 rbp rbx)
(%arr %ind %len %max r12 r13 r14 r15 rbp rbx)
(%arr %ind %len %max r12 r13 r14 r15 rbp rbx)
(%arr %ind %len %max r12 r13 r14 r15 rbp rbx)
(%max r12 r13 r14 r15 rbp rbx)
(%max r12 r13 r14 r15 rbp rbx)
(r12 r13 r14 r15 rax rbp rbx)
)

(out
(%arr r12 r13 r14 r15 rbp rbx rsi)
(%arr %len r12 r13 r14 r15 rbp rbx)
(%arr %len r12 r13 r14 r15 rbp rbx)
(%arr %len %max r12 r13 r14 r15 rbp rbx)
(%arr %ind %len %max r12 r13 r14 r15 rbp rbx)
(%arr %ind %len %max r12 r13 r14 r15 rbp rbx)
(%arr %ind %len %max r12 r13 r14 r15 rbp rbx)
(%arr %ind %len %loopEnded %max r12 r13 r14 r15 rbp rbx)
(%arr %ind %len %max r12 r13 r14 r15 rbp rbx)
(%arr %ind %len %max r12 r13 r14 r15 rbp rbx)
(%arr %ind %len %max r12 r13 r14 r15 rbp rbx)
(%arr %ind %len %max %newVar1 r12 r13 r14 r15 rbp rbx)
(%arr %ind %len %max %newVar1 r12 r13 r14 r15 rbp rbx)
(%arr %ind %len %max %newVar0 r12 r13 r14 r15 rbp rbx)
(%arr %ind %len %max %newVar0 r12 r13 r14 r15 rbp rbx)
(%arr %ind %len %max %newVar0 r12 r13 r14 r15 rbp rbx)
(%arr %ind %len %max %newVar0 %newVar3 r12 r13 r14 r15 rbp rbx)
(%arr %ind %len %max %newVar3 r12 r13 r14 r15 rbp rbx)
(%arr %cur %ind %len %max r12 r13 r14 r15 rbp rbx)
(%arr %cur %ind %len %max %notMax r12 r13 r14 r15 rbp rbx)
(%arr %cur %ind %len %max r12 r13 r14 r15 rbp rbx)
(%arr %cur %ind %len r12 r13 r14 r15 rbp rbx)
(%arr %cur %ind %len r12 r13 r14 r15 rbp rbx)
(%arr %ind %len %max r12 r13 r14 r15 rbp rbx)
(%arr %ind %len %max r12 r13 r14 r15 rbp rbx)
(%arr %ind %len %max r12 r13 r14 r15 rbp rbx)
(%arr %ind %len %max r12 r13 r14 r15 rbp rbx)
(%arr %ind %len %max r12 r13 r14 r15 rbp rbx)
(%max r12 r13 r14 r15 rbp rbx)
(r12 r13 r14 r15 rax rbp rbx)
()
)

)
