(
(in
(r12 r13 r14 r15 r8 r9 rbp rbx rcx rdi rdx rsi)
(%a r12 r13 r14 r15 r8 r9 rbp rbx rcx rdx rsi)
(%a %b r12 r13 r14 r15 r8 r9 rbp rbx rcx rdx)
(%a %b %c r12 r13 r14 r15 r8 r9 rbp rbx rcx)
(%a %b %c %d r12 r13 r14 r15 r8 r9 rbp rbx)
(%a %b %c %d %e r12 r13 r14 r15 r9 rbp rbx)
(%a %b %c %d %e %f r12 r13 r14 r15 rbp rbx)
(%a %b %c %d %e %f r12 r13 r14 r15 rbp rbx)
(%a %b %c %d %e %f r12 r13 r14 r15 rbp rbx)
(%a %b %c %d %e %f r12 r13 r14 r15 rbp rbx)
(%a %b %c %d %e %f r12 r13 r14 r15 rbp rbx %sum)
(%b %c %d %e %f r12 r13 r14 r15 rbp rbx %sum)
(%c %d %e %f r12 r13 r14 r15 rbp rbx %sum)
(%d %e %f r12 r13 r14 r15 rbp rbx %sum)
(%e %f r12 r13 r14 r15 rbp rbx %sum)
(%f r12 r13 r14 r15 rbp rbx %sum)
(r12 r13 r14 r15 rbp rbx %sum)
(%g r12 r13 r14 r15 rbp rbx %sum)
(%g %h r12 r13 r14 r15 rbp rbx %sum)
(%g %h %i r12 r13 r14 r15 rbp rbx %sum)
(%g %h %i %j r12 r13 r14 r15 rbp rbx %sum)
(%g %h %i %j %k r12 r13 r14 r15 rbp rbx %sum)
(%g %h %i %j %k %l r12 r13 r14 r15 rbp rbx %sum)
(%g %h %i %j %k %l r12 r13 r14 r15 rbp rbx rdi)
(%h %i %j %k %l r12 r13 r14 r15 rbp rbx rdi rsi)
(%i %j %k %l r12 r13 r14 r15 rbp rbx rdi rdx rsi)
(%j %k %l r12 r13 r14 r15 rbp rbx rcx rdi rdx rsi)
(%k %l r12 r13 r14 r15 r8 rbp rbx rcx rdi rdx rsi)
(%l r12 r13 r14 r15 r8 r9 rbp rbx rcx rdi rdx rsi)
(r12 r13 r14 r15 r8 r9 rbp rbx rcx rdi rdx rsi)
(r12 r13 r14 r15 r8 r9 rbp rbx rcx rdi rdx rsi)
(r12 r13 r14 r15 rax rbp rbx)
(r12 r13 r14 r15 rax rbp rbx)
(r12 r13 r14 r15 rbp rbx %res)
(r12 r13 r14 r15 rax rbp rbx)
)

(out
(%a r12 r13 r14 r15 r8 r9 rbp rbx rcx rdx rsi)
(%a %b r12 r13 r14 r15 r8 r9 rbp rbx rcx rdx)
(%a %b %c r12 r13 r14 r15 r8 r9 rbp rbx rcx)
(%a %b %c %d r12 r13 r14 r15 r8 r9 rbp rbx)
(%a %b %c %d %e r12 r13 r14 r15 r9 rbp rbx)
(%a %b %c %d %e %f r12 r13 r14 r15 rbp rbx)
(%a %b %c %d %e %f r12 r13 r14 r15 rbp rbx)
(%a %b %c %d %e %f r12 r13 r14 r15 rbp rbx)
(%a %b %c %d %e %f r12 r13 r14 r15 rbp rbx)
(%a %b %c %d %e %f r12 r13 r14 r15 rbp rbx %sum)
(%b %c %d %e %f r12 r13 r14 r15 rbp rbx %sum)
(%c %d %e %f r12 r13 r14 r15 rbp rbx %sum)
(%d %e %f r12 r13 r14 r15 rbp rbx %sum)
(%e %f r12 r13 r14 r15 rbp rbx %sum)
(%f r12 r13 r14 r15 rbp rbx %sum)
(r12 r13 r14 r15 rbp rbx %sum)
(%g r12 r13 r14 r15 rbp rbx %sum)
(%g %h r12 r13 r14 r15 rbp rbx %sum)
(%g %h %i r12 r13 r14 r15 rbp rbx %sum)
(%g %h %i %j r12 r13 r14 r15 rbp rbx %sum)
(%g %h %i %j %k r12 r13 r14 r15 rbp rbx %sum)
(%g %h %i %j %k %l r12 r13 r14 r15 rbp rbx %sum)
(%g %h %i %j %k %l r12 r13 r14 r15 rbp rbx rdi)
(%h %i %j %k %l r12 r13 r14 r15 rbp rbx rdi rsi)
(%i %j %k %l r12 r13 r14 r15 rbp rbx rdi rdx rsi)
(%j %k %l r12 r13 r14 r15 rbp rbx rcx rdi rdx rsi)
(%k %l r12 r13 r14 r15 r8 rbp rbx rcx rdi rdx rsi)
(%l r12 r13 r14 r15 r8 r9 rbp rbx rcx rdi rdx rsi)
(r12 r13 r14 r15 r8 r9 rbp rbx rcx rdi rdx rsi)
(r12 r13 r14 r15 r8 r9 rbp rbx rcx rdi rdx rsi)
(r12 r13 r14 r15 rax rbp rbx)
(r12 r13 r14 r15 rax rbp rbx)
(r12 r13 r14 r15 rbp rbx %res)
(r12 r13 r14 r15 rax rbp rbx)
()
)

)
