(
(in
(r12 r13 r14 r15 rbp rbx rdi rdx rsi)
(r12 r13 r14 r15 rbp rbx rdx rsi %target)
(%arr r12 r13 r14 r15 rbp rbx rdx %target)
(%arr %len r12 r13 r14 r15 rbp rbx %target)
(%arr %len r12 r13 r14 r15 rbp rbx %target)
(%ind r12 r13 r14 r15 rbp rbx)
(%ind r12 r13 r14 r15 rbp rbx)
(r12 r13 r14 r15 rax rbp rbx)
(%arr %ind %len r12 r13 r14 r15 rbp rbx %target)
(%arr %ind %len r12 r13 r14 r15 rbp rbx %target)
(%arr %ind %len r12 r13 r14 r15 rbp rbx %target)
(%arr %ind %len r12 r13 r14 r15 rbp rbx %target)
(%arr %ind %len r12 r13 r14 r15 rbp rbx %target)
(%arr %ind %isDone %len r12 r13 r14 r15 rbp rbx %target)
(%arr %ind %len r12 r13 r14 r15 rbp rbx %target)
(%arr %ind %len r12 r13 r14 r15 rbp rbx %target)
(%arr %ind %len r12 r13 r14 r15 rbp rbx %target)
(%arr %ind %len %newVar1 r12 r13 r14 r15 rbp rbx %target)
(%arr %ind %len %newVar1 r12 r13 r14 r15 rbp rbx %target)
(%arr %ind %len %newVar0 r12 r13 r14 r15 rbp rbx %target)
(%arr %ind %len %newVar0 r12 r13 r14 r15 rbp rbx %target)
(%arr %ind %len %newVar0 r12 r13 r14 r15 rbp rbx %target)
(%arr %ind %len %newVar0 %newVar3 r12 r13 r14 r15 rbp rbx %target)
(%arr %ind %len %newVar3 r12 r13 r14 r15 rbp rbx %target)
(%arr %cur %ind %len r12 r13 r14 r15 rbp rbx %target)
(%arr %cur %ind %len r12 r13 r14 r15 rbp rbx %target)
(%arr %foundValue %ind %len r12 r13 r14 r15 rbp rbx %target)
(%arr %ind %len r12 r13 r14 r15 rbp rbx %target)
(%arr %len r12 r13 r14 r15 rbp rbx %target)
(%arr %len r12 r13 r14 r15 rbp rbx %target)
(%arr %ind %len r12 r13 r14 r15 rbp rbx %target)
)

(out
(r12 r13 r14 r15 rbp rbx rdx rsi %target)
(%arr r12 r13 r14 r15 rbp rbx rdx %target)
(%arr %len r12 r13 r14 r15 rbp rbx %target)
(%arr %len r12 r13 r14 r15 rbp rbx %target)
(%arr %len r12 r13 r14 r15 rbp rbx %target)
(%ind r12 r13 r14 r15 rbp rbx)
(r12 r13 r14 r15 rax rbp rbx)
()
(%arr %ind %len r12 r13 r14 r15 rbp rbx %target)
(%arr %ind %len r12 r13 r14 r15 rbp rbx %target)
(%arr %ind %len r12 r13 r14 r15 rbp rbx %target)
(%arr %ind %len r12 r13 r14 r15 rbp rbx %target)
(%arr %ind %isDone %len r12 r13 r14 r15 rbp rbx %target)
(%arr %ind %len r12 r13 r14 r15 rbp rbx %target)
(%arr %ind %len r12 r13 r14 r15 rbp rbx %target)
(%arr %ind %len r12 r13 r14 r15 rbp rbx %target)
(%arr %ind %len %newVar1 r12 r13 r14 r15 rbp rbx %target)
(%arr %ind %len %newVar1 r12 r13 r14 r15 rbp rbx %target)
(%arr %ind %len %newVar0 r12 r13 r14 r15 rbp rbx %target)
(%arr %ind %len %newVar0 r12 r13 r14 r15 rbp rbx %target)
(%arr %ind %len %newVar0 r12 r13 r14 r15 rbp rbx %target)
(%arr %ind %len %newVar0 %newVar3 r12 r13 r14 r15 rbp rbx %target)
(%arr %ind %len %newVar3 r12 r13 r14 r15 rbp rbx %target)
(%arr %cur %ind %len r12 r13 r14 r15 rbp rbx %target)
(%arr %cur %ind %len r12 r13 r14 r15 rbp rbx %target)
(%arr %foundValue %ind %len r12 r13 r14 r15 rbp rbx %target)
(%arr %ind %len r12 r13 r14 r15 rbp rbx %target)
(%arr %ind %len r12 r13 r14 r15 rbp rbx %target)
(%arr %len r12 r13 r14 r15 rbp rbx %target)
(%arr %ind %len r12 r13 r14 r15 rbp rbx %target)
(%arr %ind %len r12 r13 r14 r15 rbp rbx %target)
)

)
