(
(in
(r12 r13 r14 r15 rax rbp rbx rcx rdi rdx rsi)
(%arg1 r12 r13 r14 r15 rax rbp rbx rcx rdx rsi)
(%arg1 %arg2 r12 r13 r14 r15 rax rbp rbx rcx rdx)
(%arg1 %arg2 %arg3 r12 r13 r14 r15 rax rbp rbx rcx)
(%arg1 %arg2 %arg3 %arg4 r12 r13 r14 r15 rax rbp rbx)
(%arg1 %arg2 %arg3 %arg4 r12 r13 r14 r15 rax rbp rbx)
(%arg1 %arg2 %arg3 %arg4 %newVar1 r12 r13 r14 r15 rax rbp rbx)
(%arg1 %arg2 %arg3 %arg4 %newVar1 %newVar2 r12 r13 r14 r15 rax rbp rbx)
(%arg1 %arg2 %arg3 %arg4 %newVar1 %newVar2 r12 r13 r14 r15 rax rbp rbx)
(%arg1 %arg2 %arg3 %arg4 %newVar1 %newVar3 r12 r13 r14 r15 rax rbp rbx)
(%arg1 %arg2 %arg3 %arg4 %newVar1 %newVar4 r12 r13 r14 r15 rax rbp rbx)
(%arg1 %arg2 %arg3 %arg4 %newVar1 %newVar4 r12 r13 r14 r15 rax rbp rbx)
(%arg1 %arg2 %arg3 %arg4 %newVar1 %newVar4 %newVar5 r12 r13 r14 r15 rax rbp rbx)
(%arg1 %arg2 %arg3 %arg4 %newVar1 %newVar5 r12 r13 r14 r15 rax rbp rbx)
(%arg1 %arg3 %arg4 %newVar1 %newVar5 %newVar6 r12 r13 r14 r15 rax rbp rbx)
(%arg1 %arg3 %arg4 %newVar1 %newVar6 r12 r13 r14 r15 rax rbp rbx)
(%arg1 %arg3 %arg4 %newVar1 r12 r13 r14 r15 rax rbp rbx)
(%arg1 %arg4 %newVar1 r12 r13 r14 r15 rax rbp rbx)
(%arg1 %arg4 %newVar0 r12 r13 r14 r15 rax rbp rbx)
(%arg1 %arg4 %newVar0 r12 r13 r14 r15 rax rbp rbx)
(%arg1 %arg4 %newVar0 r12 r13 r14 r15 rax rbp rbx)
(%arg4 %newVar0 %newVar7 r12 r13 r14 r15 rax rbp rbx)
(%arg4 %newVar7 r12 r13 r14 r15 rax rbp rbx)
(r12 r13 r14 r15 rax rbp rbx)
)

(out
(%arg1 r12 r13 r14 r15 rax rbp rbx rcx rdx rsi)
(%arg1 %arg2 r12 r13 r14 r15 rax rbp rbx rcx rdx)
(%arg1 %arg2 %arg3 r12 r13 r14 r15 rax rbp rbx rcx)
(%arg1 %arg2 %arg3 %arg4 r12 r13 r14 r15 rax rbp rbx)
(%arg1 %arg2 %arg3 %arg4 r12 r13 r14 r15 rax rbp rbx)
(%arg1 %arg2 %arg3 %arg4 %newVar1 r12 r13 r14 r15 rax rbp rbx)
(%arg1 %arg2 %arg3 %arg4 %newVar1 %newVar2 r12 r13 r14 r15 rax rbp rbx)
(%arg1 %arg2 %arg3 %arg4 %newVar1 %newVar2 r12 r13 r14 r15 rax rbp rbx)
(%arg1 %arg2 %arg3 %arg4 %newVar1 %newVar3 r12 r13 r14 r15 rax rbp rbx)
(%arg1 %arg2 %arg3 %arg4 %newVar1 %newVar4 r12 r13 r14 r15 rax rbp rbx)
(%arg1 %arg2 %arg3 %arg4 %newVar1 %newVar4 r12 r13 r14 r15 rax rbp rbx)
(%arg1 %arg2 %arg3 %arg4 %newVar1 %newVar4 %newVar5 r12 r13 r14 r15 rax rbp rbx)
(%arg1 %arg2 %arg3 %arg4 %newVar1 %newVar5 r12 r13 r14 r15 rax rbp rbx)
(%arg1 %arg3 %arg4 %newVar1 %newVar5 %newVar6 r12 r13 r14 r15 rax rbp rbx)
(%arg1 %arg3 %arg4 %newVar1 %newVar6 r12 r13 r14 r15 rax rbp rbx)
(%arg1 %arg3 %arg4 %newVar1 r12 r13 r14 r15 rax rbp rbx)
(%arg1 %arg4 %newVar1 r12 r13 r14 r15 rax rbp rbx)
(%arg1 %arg4 %newVar0 r12 r13 r14 r15 rax rbp rbx)
(%arg1 %arg4 %newVar0 r12 r13 r14 r15 rax rbp rbx)
(%arg1 %arg4 %newVar0 r12 r13 r14 r15 rax rbp rbx)
(%arg4 %newVar0 %newVar7 r12 r13 r14 r15 rax rbp rbx)
(%arg4 %newVar7 r12 r13 r14 r15 rax rbp rbx)
(r12 r13 r14 r15 rax rbp rbx)
()
)

)
