(
(in
(r12 r13 r14 r15 rbp rbx rdi rsi)
(%numer r12 r13 r14 r15 rbp rbx rsi)
(%denom %numer r12 r13 r14 r15 rbp rbx)
(%denom %numer r12 r13 r14 r15 rbp rbx)
(%denom %n r12 r13 r14 r15 rbp rbx)
(%d %n r12 r13 r14 r15 rbp rbx)
(%d %enc_temp %n r12 r13 r14 r15 rbp rbx)
(%d %n r12 r13 r14 r15 rbp rbx %temp)
(%d %n r12 r13 r14 r15 rbp rbx %temp)
(%d %enc_quotient %n r12 r13 r14 r15 rbp rbx %temp)
(%d %n %quotient r12 r13 r14 r15 rbp rbx %temp)
(%d %n %quotient r12 r13 r14 r15 rbp rbx %temp)
(%d %n %quotient r12 r13 r14 r15 rbp rbx %temp)
(%d %n %quotient r12 r13 r14 r15 rbp rbx %temp)
(%cond_1 %d %n %quotient r12 r13 r14 r15 rbp rbx %temp)
(%d %n %quotient r12 r13 r14 r15 rbp rbx %temp)
(%d %n %quotient r12 r13 r14 r15 rbp rbx %temp)
(%d %n %quotient r12 r13 r14 r15 rbp rbx %temp)
(%d %n %quotient r12 r13 r14 r15 rbp rbx %temp)
(%d %n %quotient r12 r13 r14 r15 rbp rbx %temp)
(%d %n %quotient r12 r13 r14 r15 rbp rbx %temp)
(%d %n %quotient r12 r13 r14 r15 rbp rbx %temp)
(%d %n %quotient r12 r13 r14 r15 rbp rbx %temp)
(%d %n %quotient r12 r13 r14 r15 rbp rbx %temp)
(%d %n %quotient r12 r13 r14 r15 rbp rbx %temp)
(%d %n %quotient r12 r13 r14 r15 rbp rbx %temp)
(%cond_2 %d %n %quotient r12 r13 r14 r15 rbp rbx %temp)
(%quotient r12 r13 r14 r15 rbp rbx)
(%d %n %quotient r12 r13 r14 r15 rbp rbx %temp)
(%d %n %quotient r12 r13 r14 r15 rbp rbx %temp)
(%d %n %quotient r12 r13 r14 r15 rbp rbx %temp)
(%d %n %quotient r12 r13 r14 r15 rbp rbx %temp)
(%cond_3 %d %n %quotient r12 r13 r14 r15 rbp rbx %temp)
(%d %n %quotient r12 r13 r14 r15 rbp rbx %temp)
(%d %n %quotient r12 r13 r14 r15 rbp rbx %temp)
(%d %n %quotient r12 r13 r14 r15 rbp rbx %temp)
(%d %n %quotient r12 r13 r14 r15 rbp rbx %temp)
(%d %n %quotient r12 r13 r14 r15 rbp rbx %temp)
(%d %n %quotient r12 r13 r14 r15 rbp rbx %temp)
(%d %n %quotient r12 r13 r14 r15 rbp rbx %temp)
(%quotient r12 r13 r14 r15 rbp rbx)
(%quotient r12 r13 r14 r15 rbp rbx)
(r12 r13 r14 r15 rax rbp rbx)
)

(out
(%numer r12 r13 r14 r15 rbp rbx rsi)
(%denom %numer r12 r13 r14 r15 rbp rbx)
(%denom %numer r12 r13 r14 r15 rbp rbx)
(%denom %n r12 r13 r14 r15 rbp rbx)
(%d %n r12 r13 r14 r15 rbp rbx)
(%d %enc_temp %n r12 r13 r14 r15 rbp rbx)
(%d %n r12 r13 r14 r15 rbp rbx %temp)
(%d %n r12 r13 r14 r15 rbp rbx %temp)
(%d %enc_quotient %n r12 r13 r14 r15 rbp rbx %temp)
(%d %n %quotient r12 r13 r14 r15 rbp rbx %temp)
(%d %n %quotient r12 r13 r14 r15 rbp rbx %temp)
(%d %n %quotient r12 r13 r14 r15 rbp rbx %temp)
(%d %n %quotient r12 r13 r14 r15 rbp rbx %temp)
(%cond_1 %d %n %quotient r12 r13 r14 r15 rbp rbx %temp)
(%d %n %quotient r12 r13 r14 r15 rbp rbx %temp)
(%d %n %quotient r12 r13 r14 r15 rbp rbx %temp)
(%d %n %quotient r12 r13 r14 r15 rbp rbx %temp)
(%d %n %quotient r12 r13 r14 r15 rbp rbx %temp)
(%d %n %quotient r12 r13 r14 r15 rbp rbx %temp)
(%d %n %quotient r12 r13 r14 r15 rbp rbx %temp)
(%d %n %quotient r12 r13 r14 r15 rbp rbx %temp)
(%d %n %quotient r12 r13 r14 r15 rbp rbx %temp)
(%d %n %quotient r12 r13 r14 r15 rbp rbx %temp)
(%d %n %quotient r12 r13 r14 r15 rbp rbx %temp)
(%d %n %quotient r12 r13 r14 r15 rbp rbx %temp)
(%cond_2 %d %n %quotient r12 r13 r14 r15 rbp rbx %temp)
(%d %n %quotient r12 r13 r14 r15 rbp rbx %temp)
(%quotient r12 r13 r14 r15 rbp rbx)
(%d %n %quotient r12 r13 r14 r15 rbp rbx %temp)
(%d %n %quotient r12 r13 r14 r15 rbp rbx %temp)
(%d %n %quotient r12 r13 r14 r15 rbp rbx %temp)
(%cond_3 %d %n %quotient r12 r13 r14 r15 rbp rbx %temp)
(%d %n %quotient r12 r13 r14 r15 rbp rbx %temp)
(%d %n %quotient r12 r13 r14 r15 rbp rbx %temp)
(%d %n %quotient r12 r13 r14 r15 rbp rbx %temp)
(%d %n %quotient r12 r13 r14 r15 rbp rbx %temp)
(%d %n %quotient r12 r13 r14 r15 rbp rbx %temp)
(%d %n %quotient r12 r13 r14 r15 rbp rbx %temp)
(%d %n %quotient r12 r13 r14 r15 rbp rbx %temp)
(%d %n %quotient r12 r13 r14 r15 rbp rbx %temp)
(%quotient r12 r13 r14 r15 rbp rbx)
(r12 r13 r14 r15 rax rbp rbx)
()
)

)
