ERROR: instruction at line 11 attempted to use the negative index -1 in the dimension 1
